================================================================================
CORP Parallel Batch Runner | Run MsJwKr
Episodes: 100 @ 20000 steps | Jobs: 10 | Role: valkyrie
================================================================================
[policy] goal_events flush failed: IO Error: Could not set lock on file "/home/bae/corp/data/corp_telemetry.duckdb": Conflicting lock is held in /home/bae/.local/share/uv/python/cpython-3.12.13-linux-x86_64-gnu/bin/python3.12 (PID 87896) by user bae. See also https://duckdb.org/docs/stable/connect/concurrency
[policy] goal_events flush failed: IO Error: Could not set lock on file "/home/bae/corp/data/corp_telemetry.duckdb": Conflicting lock is held in /home/bae/.local/share/uv/python/cpython-3.12.13-linux-x86_64-gnu/bin/python3.12 (PID 87900) by user bae. See also https://duckdb.org/docs/stable/connect/concurrency
[policy] goal_events flush failed: IO Error: Could not set lock on file "/home/bae/corp/data/corp_telemetry.duckdb": Conflicting lock is held in /home/bae/.local/share/uv/python/cpython-3.12.13-linux-x86_64-gnu/bin/python3.12 (PID 87897) by user bae. See also https://duckdb.org/docs/stable/connect/concurrency
[policy] goal_events flush failed: IO Error: Could not set lock on file "/home/bae/corp/data/corp_telemetry.duckdb": Conflicting lock is held in /home/bae/.local/share/uv/python/cpython-3.12.13-linux-x86_64-gnu/bin/python3.12 (PID 87898) by user bae. See also https://duckdb.org/docs/stable/connect/concurrency
Ep   1 [w1] [val-hum-law-fem] Turns:  3532 | Depth:  3 | Score:   892 | SPS:   483.2 | Death: You faint from lack of food.  
Ep   2 [w2] [val-hum-law-fem] Turns:  3015 | Depth:  5 | Score:   793 | SPS:   464.4 | Death: The gnome lord zaps a steel wa
Ep   3 [w3] [val-hum-law-fem] Turns:  1806 | Depth:  2 | Score:   137 | SPS:   526.3 | Death: You kill the jackal!  The newt
Ep   4 [w4] [val-hum-law-fem] Turns:  6264 | Depth:  1 | Score:   319 | SPS:   493.0 | Death: You faint from lack of food.  
Ep   5 [w5] [val-hum-law-fem] Turns:  1552 | Depth:  3 | Score:   298 | SPS:   471.2 | Death: The giant bat bites!
Ep   6 [w6] [val-hum-law-fem] Turns:  1246 | Depth:  3 | Score:   213 | SPS:   561.3 | Death: The bat bites!
Ep   7 [w7] [val-hum-law-fem] Turns:  3750 | Depth:  3 | Score:   345 | SPS:   202.9 | Death: The sewer rat bites!
Ep   8 [w8] [val-hum-law-fem] Turns:  2802 | Depth:  4 | Score:   666 | SPS:   484.8 | Death: The goblin thrusts her orcish 
Ep   9 [w9] [val-hum-law-fem] Turns:  2074 | Depth:  4 | Score:   297 | SPS:   486.3 | Death: The kitten bites!  The kitten 
Ep  10 [w0] [val-hum-law-fem] Turns:  1367 | Depth:  5 | Score:   420 | SPS:   483.2 | Death: The rothe hits!  The rothe bit
Ep  11 [w1] [val-hum-law-fem] Turns:  4446 | Depth:  2 | Score:   564 | SPS:   247.8 | Death: The giant bat bites!
Ep  12 [w2] [val-hum-law-fem] Turns:  5210 | Depth:  3 | Score:   199 | SPS:  1318.1 | Death: Survived
Ep  13 [w3] [val-hum-law-fem] Turns:  1589 | Depth:  1 | Score:     0 | SPS:   599.7 | Death: The little dog bites!
Ep  14 [w4] [val-hum-law-fem] Turns:    67 | Depth:  1 | Score:     7 | SPS:   335.0 | Death: A trap door in the ceiling ope
Ep  15 [w5] [val-hum-law-fem] Turns: 11322 | Depth:  1 | Score:  1048 | SPS:   221.2 | Death: The giant bat bites!
Ep  16 [w6] [val-hum-law-fem] Turns:  3739 | Depth:  2 | Score:   610 | SPS:   472.5 | Death: The little dog bites!
Ep  17 [w7] [val-hum-law-fem] Turns:   768 | Depth:  2 | Score:   159 | SPS:   480.9 | Death: Survived
Ep  18 [w8] [val-hum-law-fem] Turns:  4563 | Depth:  3 | Score:   589 | SPS:   448.7 | Death: The giant rat bites!  The gart
Ep  19 [w9] [val-hum-law-fem] Turns: 10464 | Depth:  1 | Score:   836 | SPS:   431.7 | Death: The giant bat bites!  The gian
Ep  20 [w0] [val-hum-law-fem] Turns:  2218 | Depth:  3 | Score:   316 | SPS:  1022.1 | Death: You cannot escape from the lic
Ep  21 [w1] [val-hum-law-fem] Turns:  1830 | Depth:  4 | Score:   409 | SPS:   572.7 | Death: The garter snake bites!
Ep  22 [w2] [val-hum-law-fem] Turns:   783 | Depth:  3 | Score:   177 | SPS:  1158.4 | Death: The giant rat bites!  The jack
Ep  23 [w3] [val-hum-law-fem] Turns:  4467 | Depth:  7 | Score:   876 | SPS:   496.2 | Death: You miss the forest centaur.  
Ep  24 [w4] [val-hum-law-fem] Turns:  2942 | Depth:  2 | Score:   702 | SPS:   207.5 | Death: The giant bat bites!
Ep  25 [w5] [val-hum-law-fem] Turns: 11008 | Depth:  1 | Score:   787 | SPS:   146.7 | Death: You faint from lack of food.
Ep  26 [w6] [val-hum-law-fem] Turns: 14115 | Depth:  3 | Score:   333 | SPS:   986.5 | Death: Survived
Ep  27 [w7] [val-hum-law-fem] Turns:  3051 | Depth:  3 | Score:   419 | SPS:  1220.0 | Death: Are you sure you want to pray?
Ep  28 [w8] [val-hum-law-fem] Turns:  2742 | Depth:  2 | Score:   594 | SPS:   302.7 | Death: The jackal bites!
Ep  29 [w9] [val-hum-law-fem] Turns:  2470 | Depth:  3 | Score:   564 | SPS:   273.0 | Death: The giant bat bites!
Ep  30 [w0] [val-hum-law-fem] Turns:  5726 | Depth:  4 | Score:   488 | SPS:   417.7 | Death: The rock mole bites!
Ep  31 [w1] [val-hum-law-fem] Turns: 12157 | Depth:  1 | Score:   191 | SPS:   506.9 | Death: You faint from lack of food.
Ep  32 [w2] [val-hum-law-fem] Turns:  8843 | Depth:  2 | Score:   492 | SPS:   424.6 | Death: Survived
Ep  33 [w3] [val-hum-law-fem] Turns:   426 | Depth:  3 | Score:   192 | SPS:   651.2 | Death: The giant rat bites!
Ep  34 [w4] [val-hum-law-fem] Turns:   127 | Depth:  2 | Score:    94 | SPS:   514.4 | Death: Survived
Ep  35 [w5] [val-hum-law-fem] Turns:  4622 | Depth:  2 | Score:   423 | SPS:   432.1 | Death: The garter snake bites!
Ep  36 [w6] [val-hum-law-fem] Turns:   742 | Depth:  4 | Score:   431 | SPS:   624.5 | Death: The garter snake bites!
Ep  37 [w7] [val-hum-law-fem] Turns:   487 | Depth:  3 | Score:   180 | SPS:   602.0 | Death: The giant rat bites!
Ep  38 [w8] [val-hum-law-fem] Turns: 15166 | Depth:  1 | Score:   940 | SPS:   240.7 | Death: The newt bites!
Ep  39 [w9] [val-hum-law-fem] Turns:  1894 | Depth:  4 | Score:   483 | SPS:   424.6 | Death: The giant rat bites!
Ep  40 [w0] [val-hum-law-fem] Turns:  8676 | Depth:  2 | Score:   316 | SPS:   265.2 | Death: Survived
Ep  41 [w1] [val-hum-law-fem] Turns:  3517 | Depth:  2 | Score:   375 | SPS:   510.2 | Death: The homunculus bites!  You are
Ep  42 [w2] [val-hum-law-fem] Turns:  2293 | Depth:  2 | Score:   140 | SPS:   434.7 | Death: The jackal bites!
Ep  43 [w3] [val-hum-law-fem] Turns:  4697 | Depth:  2 | Score:   365 | SPS:   328.5 | Death: The giant rat bites!
Ep  44 [w4] [val-hum-law-fem] Turns:  2052 | Depth:  2 | Score:   325 | SPS:   654.2 | Death: You see here a war hammer (for
Ep  45 [w5] [val-hum-law-fem] Turns:  1909 | Depth:  5 | Score:   543 | SPS:   655.0 | Death: The pony kicks!  The pony bite
Ep  46 [w6] [val-hum-law-fem] Turns:  3820 | Depth:  6 | Score:   586 | SPS:   693.2 | Death: The garter snake bites!
Ep  47 [w7] [val-hum-law-fem] Turns:  3816 | Depth:  3 | Score:   624 | SPS:   470.7 | Death: It bites!
Ep  48 [w8] [val-hum-law-fem] Turns:   287 | Depth:  3 | Score:   124 | SPS:   590.0 | Death: The bat bites!
Ep  49 [w9] [val-hum-law-fem] Turns:  3321 | Depth:  2 | Score:   332 | SPS:   382.0 | Death: You can hear again.  You faint
Ep  50 [w0] [val-hum-law-fem] Turns:   498 | Depth:  3 | Score:   132 | SPS:   631.2 | Death: There is a rolling boulder tra
Ep  51 [w1] [val-hum-law-fem] Turns:   228 | Depth:  1 | Score:    48 | SPS:   556.7 | Death: You kill it!  It just misses! 
Ep  52 [w2] [val-hum-law-fem] Turns: 15695 | Depth:  2 | Score:   613 | SPS:   273.3 | Death: Survived
Ep  53 [w3] [val-hum-law-fem] Turns:  1950 | Depth:  4 | Score:   416 | SPS:   499.1 | Death: The sewer rat bites!  The sewe
Ep  54 [w4] [val-hum-law-fem] Turns:  2967 | Depth:  1 | Score:   228 | SPS:   445.8 | Death: You faint from lack of food.  
Ep  55 [w5] [val-hum-law-fem] Turns:  5910 | Depth:  4 | Score:   588 | SPS:   323.9 | Death: Survived
Ep  56 [w6] [val-hum-law-fem] Turns:  2913 | Depth:  3 | Score:   413 | SPS:   578.6 | Death: The garter snake bites!
Ep  57 [w7] [val-hum-law-fem] Turns:  1230 | Depth:  3 | Score:   408 | SPS:   939.9 | Death: The garter snake misses!  The 
Ep  58 [w8] [val-hum-law-fem] Turns:   940 | Depth:  1 | Score:    32 | SPS:   601.3 | Death: You faint from lack of food.  
Ep  59 [w9] [val-hum-law-fem] Turns:   773 | Depth:  1 | Score:    84 | SPS:   376.3 | Death: Survived
Ep  60 [w0] [val-hum-law-fem] Turns:  7164 | Depth:  1 | Score:  1127 | SPS:   510.1 | Death: The bat misses!  The bat bites
Ep  61 [w1] [val-hum-law-fem] Turns:  1343 | Depth:  1 | Score:    31 | SPS:   711.8 | Death: You collapse under your load. 
Ep  62 [w2] [val-hum-law-fem] Turns:   454 | Depth:  3 | Score:   126 | SPS:   661.4 | Death: The giant rat bites!
Ep  63 [w3] [val-hum-law-fem] Turns:   252 | Depth:  3 | Score:   128 | SPS:  2944.7 | Death: Survived
Ep  64 [w4] [val-hum-law-fem] Turns:   233 | Depth:  3 | Score:   131 | SPS:   706.6 | Death: A cloud of gas puts you to sle
Ep  65 [w5] [val-hum-law-fem] Turns:  1524 | Depth:  4 | Score:   320 | SPS:   624.9 | Death: The kitten bites!
Ep  66 [w6] [val-hum-law-fem] Turns:   232 | Depth:  3 | Score:   116 | SPS:   608.3 | Death: You hear some noises.  The gno
Ep  67 [w7] [val-hum-law-fem] Turns:  3162 | Depth:  2 | Score:   402 | SPS:   385.0 | Death: Survived
Ep  68 [w8] [val-hum-law-fem] Turns:   696 | Depth:  1 | Score:   107 | SPS:   549.1 | Death: The kobold zaps a runed wand! 
Ep  69 [w9] [val-hum-law-fem] Turns:  3165 | Depth:  3 | Score:   282 | SPS:   541.1 | Death: You faint from lack of food.  
Ep  70 [w0] [val-hum-law-fem] Turns:   384 | Depth:  4 | Score:   174 | SPS:   674.4 | Death: The gnome lord hits!
Ep  71 [w1] [val-hum-law-fem] Turns:  2393 | Depth:  3 | Score:   349 | SPS:   513.9 | Death: The giant bat bites!
Ep  72 [w2] [val-hum-law-fem] Turns: 13895 | Depth:  2 | Score:   529 | SPS:   207.3 | Death: Survived
Ep  73 [w3] [val-hum-law-fem] Turns:   538 | Depth:  3 | Score:   166 | SPS:   589.7 | Death: g - a scroll labeled ETAOIN SH
Ep  74 [w4] [val-hum-law-fem] Turns:  8365 | Depth:  2 | Score:   694 | SPS:   382.3 | Death: Are you sure you want to pray?
Ep  75 [w5] [val-hum-law-fem] Turns:  5965 | Depth:  1 | Score:   703 | SPS:   244.0 | Death: The giant rat bites!  You fain
Ep  76 [w6] [val-hum-law-fem] Turns:   808 | Depth:  3 | Score:   197 | SPS:   606.7 | Death: Survived
Ep  77 [w7] [val-hum-law-fem] Turns:   518 | Depth:  2 | Score:    99 | SPS:  2326.4 | Death: Survived
Ep  78 [w8] [val-hum-law-fem] Turns:   854 | Depth:  3 | Score:   353 | SPS:  1202.5 | Death: The little dog bites!
Ep  79 [w9] [val-hum-law-fem] Turns:  7437 | Depth:  1 | Score:   477 | SPS:   342.5 | Death: The fox bites!
Ep  80 [w0] [val-hum-law-fem] Turns: 14364 | Depth:  1 | Score:   367 | SPS:   552.2 | Death: You faint from lack of food.
Ep  81 [w1] [val-hum-law-fem] Turns:  3155 | Depth:  4 | Score:   729 | SPS:  1291.0 | Death: You faint from lack of food.  
Ep  82 [w2] [val-hum-law-fem] Turns:  4344 | Depth:  2 | Score:   529 | SPS:   350.2 | Death: The dwarf zombie hits!
Ep  83 [w3] [val-hum-law-fem] Turns:  2679 | Depth:  2 | Score:   116 | SPS:   745.3 | Death: The grid bug misses!  You can 
Ep  84 [w4] [val-hum-law-fem] Turns:   789 | Depth:  6 | Score:   327 | SPS:   580.6 | Death: The giant rat bites!
Ep  85 [w5] [val-hum-law-fem] Turns:   227 | Depth:  1 | Score:    21 | SPS:   584.5 | Death: You miss the goblin.
Ep  86 [w6] [val-hum-law-fem] Turns:  3343 | Depth:  4 | Score:   250 | SPS:  1272.3 | Death: The kitten bites!
Ep  87 [w7] [val-hum-law-fem] Turns:   827 | Depth:  3 | Score:   346 | SPS:   598.0 | Death: The giant rat bites!
Ep  88 [w8] [val-hum-law-fem] Turns:   128 | Depth:  1 | Score:    18 | SPS:   537.4 | Death: The little dog bites the gobli
Ep  89 [w9] [val-hum-law-fem] Turns: 19026 | Depth:  2 | Score:   849 | SPS:   204.8 | Death: Survived
Ep  90 [w0] [val-hum-law-fem] Turns:  1287 | Depth:  4 | Score:   299 | SPS:   678.0 | Death: The garter snake bites!
Ep  91 [w1] [val-hum-law-fem] Turns:   551 | Depth:  2 | Score:    91 | SPS:  2383.8 | Death: Survived
Ep  92 [w2] [val-hum-law-fem] Turns:  5409 | Depth:  1 | Score:   834 | SPS:   260.5 | Death: The hobgoblin hits!
Ep  93 [w3] [val-hum-law-fem] Turns:  3211 | Depth:  2 | Score:   213 | SPS:   499.4 | Death: You faint from lack of food.  
Ep  94 [w4] [val-hum-law-fem] Turns:  4752 | Depth:  5 | Score:  1022 | SPS:   419.7 | Death: The hill orc hits!
Ep  95 [w5] [val-hum-law-fem] Turns: 20973 | Depth:  2 | Score:   325 | SPS:   633.9 | Death: Are you sure you want to pray?
Ep  96 [w6] [val-hum-law-fem] Turns:  2178 | Depth:  3 | Score:   223 | SPS:  1017.4 | Death: You faint from lack of food.  
Ep  97 [w7] [val-hum-law-fem] Turns:  4249 | Depth:  3 | Score:   983 | SPS:   508.6 | Death: The pony kicks!
Ep  98 [w8] [val-hum-law-fem] Turns:  6111 | Depth:  3 | Score:   280 | SPS:   567.2 | Death: The giant bat misses!  The gia
Ep  99 [w9] [val-hum-law-fem] Turns:  9018 | Depth:  2 | Score:   498 | SPS:   637.3 | Death: Survived
Ep 100 [w0] [val-hum-law-fem] Turns: 11165 | Depth:  2 | Score:   634 | SPS:   462.1 | Death: The sewer rat bites!
================================================================================
Median Depth: 3.0 | Mean Score: 396.4 | Mean Turns: 4100.5 | Wall SPS-equiv: 1591.5
Nogoods merged: 5 entries | Errors: 0
Results written to data/ab_nollm_100ep.json (257.7s wall)
