================================================================================
CORP Parallel Batch Runner | Run 1ymBvZ
Episodes: 100 @ 20000 steps | Jobs: 10 | Role: valkyrie
================================================================================
Ep   1 [w1] [val-hum-law-fem] Turns:   960 | Depth:  3 | Score:   172 | SPS:   938.7 | Death: The giant rat bites!
Ep   2 [w2] [val-hum-law-fem] Turns:   533 | Depth:  2 | Score:    67 | SPS:   478.0 | Death: The goblin thrusts her orcish 
Ep   3 [w3] [val-hum-law-fem] Turns:  6329 | Depth:  2 | Score:   289 | SPS:   255.8 | Death: Survived
Ep   4 [w4] [val-hum-law-fem] Turns:  2273 | Depth:  1 | Score:    84 | SPS:   517.2 | Death: You see here a newt corpse.  T
Ep   5 [w5] [val-hum-law-fem] Turns: 16052 | Depth:  1 | Score:   620 | SPS:   521.7 | Death: You faint from lack of food.  
Ep   6 [w6] [val-hum-law-fem] Turns:  5617 | Depth:  1 | Score:   276 | SPS:   486.1 | Death: The coyote bites!
Ep   7 [w7] [val-hum-law-fem] Turns: 18914 | Depth:  1 | Score:   299 | SPS:   526.8 | Death: Survived
Ep   8 [w8] [val-hum-law-fem] Turns:  1875 | Depth:  1 | Score:     4 | SPS:   607.8 | Death: You faint from lack of food.  
Ep   9 [w9] [val-hum-law-fem] Turns:  5457 | Depth:  1 | Score:   306 | SPS:   552.4 | Death: You faint from lack of food.  
Ep  10 [w0] [val-hum-law-fem] Turns:  4253 | Depth:  3 | Score:   361 | SPS:   540.7 | Death: The fox bites!  The fox bites!
Ep  11 [w1] [val-hum-law-fem] Turns:  8139 | Depth:  2 | Score:   146 | SPS:   867.8 | Death: Survived
Ep  12 [w2] [val-hum-law-fem] Turns:  6236 | Depth:  3 | Score:   234 | SPS:   937.3 | Death: Survived
Ep  13 [w3] [val-hum-law-fem] Turns: 16936 | Depth:  1 | Score:   227 | SPS:   471.0 | Death: The newt bites!  You can hear 
Ep  14 [w4] [val-hum-law-fem] Turns:  2495 | Depth:  1 | Score:    56 | SPS:   460.7 | Death: The fox bites!
Ep  15 [w5] [val-hum-law-fem] Turns:  8637 | Depth:  1 | Score:   250 | SPS:   548.4 | Death: You faint from lack of food.  
Ep  16 [w6] [val-hum-law-fem] Turns:  6877 | Depth:  1 | Score:   212 | SPS:   598.1 | Death: The sewer rat bites!  You can 
Ep  17 [w7] [val-hum-law-fem] Turns:   106 | Depth:  2 | Score:    76 | SPS:   483.1 | Death: You cannot escape from the lic
Ep  18 [w8] [val-hum-law-fem] Turns:  1624 | Depth:  3 | Score:   474 | SPS:   555.7 | Death: You miss the orc zombie.  The 
Ep  19 [w9] [val-hum-law-fem] Turns:  4208 | Depth:  3 | Score:   284 | SPS:   638.7 | Death: The fox bites!
Ep  20 [w0] [val-hum-law-fem] Turns: 19156 | Depth:  2 | Score:   651 | SPS:   235.0 | Death: Survived
Ep  21 [w1] [val-hum-law-fem] Turns:  5579 | Depth:  2 | Score:   181 | SPS:   593.4 | Death: The coyote bites!
Ep  22 [w2] [val-hum-law-fem] Turns:  1079 | Depth:  3 | Score:   323 | SPS:   535.1 | Death: The giant bat bites!  The gian
Ep  23 [w3] [val-hum-law-fem] Turns:  1183 | Depth:  1 | Score:    26 | SPS:   597.0 | Death: The kobold hits!
Ep  24 [w4] [val-hum-law-fem] Turns:   264 | Depth:  2 | Score:    93 | SPS:   542.0 | Death: The goblin thrusts her orcish 
Ep  25 [w5] [val-hum-law-fem] Turns:   569 | Depth:  3 | Score:   203 | SPS:   613.1 | Death: The gecko bites!
Ep  26 [w6] [val-hum-law-fem] Turns:  5301 | Depth:  1 | Score:   273 | SPS:   196.1 | Death: The kobold zombie hits!  You f
Ep  27 [w7] [val-hum-law-fem] Turns:  1706 | Depth:  2 | Score:   136 | SPS:   290.8 | Death: The fox bites!
Ep  28 [w8] [val-hum-law-fem] Turns:  3891 | Depth:  1 | Score:    56 | SPS:   626.3 | Death: You faint from lack of food.  
Ep  29 [w9] [val-hum-law-fem] Turns:   139 | Depth:  1 | Score:     6 | SPS:   499.2 | Death: You are caught in a bear trap.
Ep  30 [w0] [val-hum-law-fem] Turns:  4864 | Depth:  1 | Score:   304 | SPS:   360.3 | Death: Survived
Ep  31 [w1] [val-hum-law-fem] Turns:  1492 | Depth:  1 | Score:     3 | SPS:   640.7 | Death: The jackal bites!  You can hea
Ep  32 [w2] [val-hum-law-fem] Turns:   307 | Depth:  3 | Score:   121 | SPS:   620.6 | Death: The dwarf swings her pick-axe.
Ep  33 [w3] [val-hum-law-fem] Turns:   977 | Depth:  1 | Score:    88 | SPS:   481.7 | Death: Survived
Ep  34 [w4] [val-hum-law-fem] Turns:  1655 | Depth:  1 | Score:     5 | SPS:   636.8 | Death: The goblin hits!
Ep  35 [w5] [val-hum-law-fem] Turns:  1019 | Depth:  3 | Score:   295 | SPS:   494.3 | Death: You fall into a pit!
Ep  36 [w6] [val-hum-law-fem] Turns:   938 | Depth:  3 | Score:   208 | SPS:   588.8 | Death: The giant rat bites!  The gian
Ep  37 [w7] [val-hum-law-fem] Turns: 13534 | Depth:  1 | Score:    40 | SPS:   580.5 | Death: You faint from lack of food.  
Ep  38 [w8] [val-hum-law-fem] Turns:  6839 | Depth:  1 | Score:    59 | SPS:   641.9 | Death: The sewer rat bites!
Ep  39 [w9] [val-hum-law-fem] Turns: 19503 | Depth:  1 | Score:    24 | SPS:   614.6 | Death: Survived
Ep  40 [w0] [val-hum-law-fem] Turns:  6411 | Depth:  1 | Score:   732 | SPS:   411.4 | Death: You faint from lack of food.  
Ep  41 [w1] [val-hum-law-fem] Turns:  7310 | Depth:  2 | Score:    83 | SPS:   541.8 | Death: You can hear again.  You faint
Ep  42 [w2] [val-hum-law-fem] Turns:  3095 | Depth:  1 | Score:    84 | SPS:   538.5 | Death: The goblin thrusts his orcish 
Ep  43 [w3] [val-hum-law-fem] Turns:    93 | Depth:  1 | Score:    11 | SPS:   493.7 | Death: You kill it!  It bites!
Ep  44 [w4] [val-hum-law-fem] Turns:  9722 | Depth:  1 | Score:   209 | SPS:   276.3 | Death: Survived
Ep  45 [w5] [val-hum-law-fem] Turns:  4289 | Depth:  1 | Score:     4 | SPS:   373.6 | Death: You faint from lack of food.  
Ep  46 [w6] [val-hum-law-fem] Turns:   730 | Depth:  5 | Score:   289 | SPS:   580.9 | Death: The hobbit hits!
Ep  47 [w7] [val-hum-law-fem] Turns:  9007 | Depth:  2 | Score:   340 | SPS:   470.8 | Death: Survived
Ep  48 [w8] [val-hum-law-fem] Turns:   914 | Depth:  2 | Score:    61 | SPS:   614.4 | Death: You are caught in a bear trap.
Ep  49 [w9] [val-hum-law-fem] Turns:   771 | Depth:  3 | Score:   227 | SPS:   583.9 | Death: The giant rat bites!
Ep  50 [w0] [val-hum-law-fem] Turns:  6209 | Depth:  1 | Score:   237 | SPS:   486.8 | Death: Survived
Ep  51 [w1] [val-hum-law-fem] Turns:    37 | Depth:  1 | Score:     4 | SPS:   402.6 | Death: The fox bites!
Ep  52 [w2] [val-hum-law-fem] Turns:   996 | Depth:  1 | Score:    67 | SPS:   496.5 | Death: The fox bites!  You faint from
Ep  53 [w3] [val-hum-law-fem] Turns:  4160 | Depth:  2 | Score:   365 | SPS:   538.0 | Death: The hobbit hits!
Ep  54 [w4] [val-hum-law-fem] Turns:  7336 | Depth:  1 | Score:   168 | SPS:   552.1 | Death: The jackal bites!  The jackal 
Ep  55 [w5] [val-hum-law-fem] Turns:  2206 | Depth:  3 | Score:   315 | SPS:   301.0 | Death: The giant bat bites!  The dart
Ep  56 [w6] [val-hum-law-fem] Turns:  5289 | Depth:  1 | Score:     7 | SPS:   525.2 | Death: The little dog bites!
Ep  57 [w7] [val-hum-law-fem] Turns:   707 | Depth:  3 | Score:   179 | SPS:   672.7 | Death: The chickatrice hits!
Ep  58 [w8] [val-hum-law-fem] Turns:   618 | Depth:  2 | Score:    98 | SPS:  2360.0 | Death: Survived
Ep  59 [w9] [val-hum-law-fem] Turns: 12360 | Depth:  1 | Score:   265 | SPS:   460.5 | Death: Survived
Ep  60 [w0] [val-hum-law-fem] Turns:  2253 | Depth:  2 | Score:   120 | SPS:   473.8 | Death: You faint from lack of food.  
Ep  61 [w1] [val-hum-law-fem] Turns:   294 | Depth:  1 | Score:    16 | SPS:   523.9 | Death: The kobold hits!
Ep  62 [w2] [val-hum-law-fem] Turns:   810 | Depth:  5 | Score:   341 | SPS:   607.6 | Death: The giant bat bites!
Ep  63 [w3] [val-hum-law-fem] Turns: 19790 | Depth:  1 | Score:   504 | SPS:   421.3 | Death: Survived
Ep  64 [w4] [val-hum-law-fem] Turns:   219 | Depth:  2 | Score:    73 | SPS:   610.0 | Death: The fox bites!
Ep  65 [w5] [val-hum-law-fem] Turns:  5398 | Depth:  3 | Score:   147 | SPS:  1160.2 | Death: Survived
Ep  66 [w6] [val-hum-law-fem] Turns:  2482 | Depth:  4 | Score:   340 | SPS:   534.4 | Death: The giant rat bites!  The rabi
Ep  67 [w7] [val-hum-law-fem] Turns:   751 | Depth:  3 | Score:   148 | SPS:  1207.0 | Death: The coyote bites!
Ep  68 [w8] [val-hum-law-fem] Turns:   600 | Depth:  4 | Score:   298 | SPS:   602.3 | Death: The little dog bites!  The lit
Ep  69 [w9] [val-hum-law-fem] Turns:   881 | Depth:  3 | Score:   231 | SPS:   582.6 | Death: Survived
Ep  70 [w0] [val-hum-law-fem] Turns:  6919 | Depth:  1 | Score:   383 | SPS:   151.4 | Death: You faint from lack of food.  
Ep  71 [w1] [val-hum-law-fem] Turns:  2971 | Depth:  2 | Score:   441 | SPS:   590.8 | Death: Are you sure you want to pray?
Ep  72 [w2] [val-hum-law-fem] Turns:  2125 | Depth:  4 | Score:   305 | SPS:   581.4 | Death: The kitten bites!
Ep  73 [w3] [val-hum-law-fem] Turns:  8398 | Depth:  2 | Score:   260 | SPS:   608.4 | Death: Survived
Ep  74 [w4] [val-hum-law-fem] Turns:  4389 | Depth:  1 | Score:    72 | SPS:   673.9 | Death: The jackal bites!
Ep  75 [w5] [val-hum-law-fem] Turns:   700 | Depth:  2 | Score:   130 | SPS:   695.4 | Death: The grid bug bites!  You get z
Ep  76 [w6] [val-hum-law-fem] Turns:  2686 | Depth:  3 | Score:   282 | SPS:  1007.1 | Death: The hobgoblin swings her scimi
Ep  77 [w7] [val-hum-law-fem] Turns:   401 | Depth:  3 | Score:   205 | SPS:   647.0 | Death: The sewer rat just misses!  Th
Ep  78 [w8] [val-hum-law-fem] Turns:  7045 | Depth:  1 | Score:    12 | SPS:   381.5 | Death: The large cat steps reluctantl
Ep  79 [w9] [val-hum-law-fem] Turns:  3381 | Depth:  4 | Score:   394 | SPS:   669.0 | Death: You faint from lack of food.
Ep  80 [w0] [val-hum-law-fem] Turns:  2119 | Depth:  4 | Score:   449 | SPS:   246.0 | Death: The homunculus bites!  You are
Ep  81 [w1] [val-hum-law-fem] Turns:   165 | Depth:  2 | Score:    55 | SPS:   516.2 | Death: The fox bites!
Ep  82 [w2] [val-hum-law-fem] Turns:  5087 | Depth:  1 | Score:   132 | SPS:   287.3 | Death: You can hear again.  You faint
Ep  83 [w3] [val-hum-law-fem] Turns:   114 | Depth:  1 | Score:    16 | SPS:   518.2 | Death: The newt bites!
Ep  84 [w4] [val-hum-law-fem] Turns:  4409 | Depth:  2 | Score:   303 | SPS:   326.7 | Death: Are you sure you want to pray?
Ep  85 [w5] [val-hum-law-fem] Turns:  3128 | Depth:  1 | Score:   242 | SPS:   465.1 | Death: The little dog bites!  The lit
Ep  86 [w6] [val-hum-law-fem] Turns:  1773 | Depth:  2 | Score:   218 | SPS:   561.3 | Death: The grid bug bites!  You get z
Ep  87 [w7] [val-hum-law-fem] Turns:  9562 | Depth:  1 | Score:   678 | SPS:   239.5 | Death: There is a staircase up here. 
Ep  88 [w8] [val-hum-law-fem] Turns:  3199 | Depth:  1 | Score:    12 | SPS:   498.8 | Death: You faint from lack of food.
Ep  89 [w9] [val-hum-law-fem] Turns:   878 | Depth:  5 | Score:   684 | SPS:   664.4 | Death: The gnome king swings his mace
Ep  90 [w0] [val-hum-law-fem] Turns:  7629 | Depth:  2 | Score:   541 | SPS:   669.9 | Death: The giant bat bites!
Ep  91 [w1] [val-hum-law-fem] Turns:   584 | Depth:  5 | Score:   254 | SPS:   653.4 | Death: The kitten bites!  The kitten 
Ep  92 [w2] [val-hum-law-fem] Turns:  4599 | Depth:  3 | Score:   856 | SPS:   572.3 | Death: The kobold lord swings his lon
Ep  93 [w3] [val-hum-law-fem] Turns:  1107 | Depth:  1 | Score:    47 | SPS:   682.1 | Death: The jackal bites!
Ep  94 [w4] [val-hum-law-fem] Turns:   240 | Depth:  1 | Score:     7 | SPS:   663.6 | Death: Survived
Ep  95 [w5] [val-hum-law-fem] Turns:  1186 | Depth:  5 | Score:   291 | SPS:   629.8 | Death: The giant rat bites!
Ep  96 [w6] [val-hum-law-fem] Turns:   193 | Depth:  2 | Score:    64 | SPS:   562.4 | Death: The sewer rat bites!
Ep  97 [w7] [val-hum-law-fem] Turns:  1036 | Depth:  4 | Score:   634 | SPS:   710.9 | Death: The little dog bites!
Ep  98 [w8] [val-hum-law-fem] Turns:  1592 | Depth:  2 | Score:   169 | SPS:   573.5 | Death: The fox bites!  The fox bites!
Ep  99 [w9] [val-hum-law-fem] Turns:  1221 | Depth:  1 | Score:     4 | SPS:   697.2 | Death: You faint from lack of food.  
Ep 100 [w0] [val-hum-law-fem] Turns:  7478 | Depth:  2 | Score:    66 | SPS:   643.0 | Death: You can hear again.  You faint
================================================================================
Median Depth: 2.0 | Mean Score: 217.0 | Mean Turns: 4195.7 | Wall SPS-equiv: 1470.5
Nogoods merged: 5 entries | Errors: 0
Results written to data/ab_v5_100ep.json (285.3s wall)
