================================================================================
CORP Parallel Batch Runner | Run BLJLPC
Episodes: 100 @ 20000 steps | Jobs: 10 | Role: valkyrie
================================================================================
[policy] goal_events flush failed: IO Error: Could not set lock on file "/home/bae/corp/data/corp_telemetry.duckdb": Conflicting lock is held in /home/bae/.local/share/uv/python/cpython-3.12.13-linux-x86_64-gnu/bin/python3.12 (PID 140175) by user bae. See also https://duckdb.org/docs/stable/connect/concurrency
[policy] goal_events flush failed: IO Error: Could not set lock on file "/home/bae/corp/data/corp_telemetry.duckdb": Conflicting lock is held in /home/bae/.local/share/uv/python/cpython-3.12.13-linux-x86_64-gnu/bin/python3.12 (PID 140177) by user bae. See also https://duckdb.org/docs/stable/connect/concurrency
[policy] goal_events flush failed: IO Error: Could not set lock on file "/home/bae/corp/data/corp_telemetry.duckdb": Conflicting lock is held in /home/bae/.local/share/uv/python/cpython-3.12.13-linux-x86_64-gnu/bin/python3.12 (PID 140175) by user bae. See also https://duckdb.org/docs/stable/connect/concurrency
[policy] goal_events flush failed: IO Error: Could not set lock on file "/home/bae/corp/data/corp_telemetry.duckdb": Conflicting lock is held in /home/bae/.local/share/uv/python/cpython-3.12.13-linux-x86_64-gnu/bin/python3.12 (PID 140176) by user bae. See also https://duckdb.org/docs/stable/connect/concurrency
[policy] goal_events flush failed: IO Error: Could not set lock on file "/home/bae/corp/data/corp_telemetry.duckdb": Conflicting lock is held in /home/bae/.local/share/uv/python/cpython-3.12.13-linux-x86_64-gnu/bin/python3.12 (PID 140182) by user bae. See also https://duckdb.org/docs/stable/connect/concurrency
[policy] goal_events flush failed: IO Error: Could not set lock on file "/home/bae/corp/data/corp_telemetry.duckdb": Conflicting lock is held in /home/bae/.local/share/uv/python/cpython-3.12.13-linux-x86_64-gnu/bin/python3.12 (PID 140175) by user bae. See also https://duckdb.org/docs/stable/connect/concurrency
[policy] goal_events flush failed: IO Error: Could not set lock on file "/home/bae/corp/data/corp_telemetry.duckdb": Conflicting lock is held in /home/bae/.local/share/uv/python/cpython-3.12.13-linux-x86_64-gnu/bin/python3.12 (PID 140176) by user bae. See also https://duckdb.org/docs/stable/connect/concurrency
Ep   1 [w1] [val-hum-law-fem] Turns:  6109 | Depth:  2 | Score:   178 | SPS:  1460.6 | Death: Survived
Ep   2 [w2] [val-hum-law-fem] Turns:   881 | Depth:  3 | Score:   178 | SPS:   727.7 | Death: The giant rat bites!
Ep   3 [w3] [val-hum-law-fem] Turns:  5268 | Depth:  1 | Score:    14 | SPS:   795.6 | Death: You faint from lack of food.  
Ep   4 [w4] [val-hum-law-fem] Turns: 12034 | Depth:  1 | Score:    75 | SPS:   818.8 | Death: You faint from lack of food.
Ep   5 [w5] [val-hum-law-fem] Turns:  7196 | Depth:  2 | Score:   102 | SPS:   483.7 | Death: Survived
Ep   6 [w6] [val-hum-law-fem] Turns:  3671 | Depth:  2 | Score:   361 | SPS:   501.7 | Death: The bat bites!  The bat bites!
Ep   7 [w7] [val-hum-law-fem] Turns: 19037 | Depth:  1 | Score:   380 | SPS:   516.5 | Death: You can hear again.
Ep   8 [w8] [val-hum-law-fem] Turns:  2989 | Depth:  3 | Score:   360 | SPS:  1674.9 | Death: The garter snake bites!  The g
Ep   9 [w9] [val-hum-law-fem] Turns:   184 | Depth:  1 | Score:    44 | SPS:   423.7 | Death: The newt bites!
Ep  10 [w0] [val-hum-law-fem] Turns:  7204 | Depth:  2 | Score:   272 | SPS:   745.3 | Death: Survived
Ep  11 [w1] [val-hum-law-fem] Turns:  1008 | Depth:  5 | Score:   364 | SPS:   823.3 | Death: The garter snake bites!
Ep  12 [w2] [val-hum-law-fem] Turns: 19297 | Depth:  1 | Score:    55 | SPS:   540.2 | Death: Survived
Ep  13 [w3] [val-hum-law-fem] Turns:  1002 | Depth:  6 | Score:   402 | SPS:   784.9 | Death: The giant ant bites!
Ep  14 [w4] [val-hum-law-fem] Turns:  2786 | Depth:  5 | Score:   654 | SPS:   748.5 | Death: The rothe hits!  The rothe mis
Ep  15 [w5] [val-hum-law-fem] Turns:  2290 | Depth:  2 | Score:   186 | SPS:   997.8 | Death: You faint from lack of food.  
Ep  16 [w6] [val-hum-law-fem] Turns:  4243 | Depth:  1 | Score:    18 | SPS:   870.0 | Death: You can hear again.  You faint
Ep  17 [w7] [val-hum-law-fem] Turns:   832 | Depth:  4 | Score:   629 | SPS:   711.6 | Death: There is a staircase up here. 
Ep  18 [w8] [val-hum-law-fem] Turns:   886 | Depth:  5 | Score:   399 | SPS:   805.7 | Death: The giant bat bites!
Ep  19 [w9] [val-hum-law-fem] Turns:  8456 | Depth:  1 | Score:   573 | SPS:   247.1 | Death: Survived
Ep  20 [w0] [val-hum-law-fem] Turns:   995 | Depth:  3 | Score:   208 | SPS:   794.6 | Death: You fall into a pit!
Ep  21 [w1] [val-hum-law-fem] Turns:   840 | Depth:  3 | Score:   225 | SPS:  1259.3 | Death: The giant rat bites!
Ep  22 [w2] [val-hum-law-fem] Turns:  6552 | Depth:  2 | Score:   326 | SPS:   824.5 | Death: The hobbit misses!  You faint 
Ep  23 [w3] [val-hum-law-fem] Turns:  8875 | Depth:  1 | Score:   154 | SPS:   615.0 | Death: You faint from lack of food.  
Ep  24 [w4] [val-hum-law-fem] Turns: 15989 | Depth:  1 | Score:   528 | SPS:   827.8 | Death: The goblin hits!  You hear som
Ep  25 [w5] [val-hum-law-fem] Turns:  8435 | Depth:  1 | Score:   579 | SPS:   353.5 | Death: Survived
Ep  26 [w6] [val-hum-law-fem] Turns: 19992 | Depth:  3 | Score:   401 | SPS:   823.0 | Death: Survived
Ep  27 [w7] [val-hum-law-fem] Turns:  1032 | Depth:  3 | Score:   553 | SPS:   640.2 | Death: Survived
Ep  28 [w8] [val-hum-law-fem] Turns:  7432 | Depth:  1 | Score:   187 | SPS:   937.1 | Death: You faint from lack of food.
Ep  29 [w9] [val-hum-law-fem] Turns:  2106 | Depth:  1 | Score:    73 | SPS:   708.8 | Death: The little dog bites!
Ep  30 [w0] [val-hum-law-fem] Turns:  1016 | Depth:  2 | Score:   109 | SPS:   831.1 | Death: The jackal bites!
Ep  31 [w1] [val-hum-law-fem] Turns:   741 | Depth:  3 | Score:   132 | SPS:   817.4 | Death: Survived
Ep  32 [w2] [val-hum-law-fem] Turns:  4277 | Depth:  4 | Score:   166 | SPS:   913.2 | Death: You faint from lack of food.  
Ep  33 [w3] [val-hum-law-fem] Turns:  2550 | Depth:  2 | Score:   235 | SPS:   479.4 | Death: The giant rat bites!  The gian
Ep  34 [w4] [val-hum-law-fem] Turns:  2136 | Depth:  5 | Score:   442 | SPS:   790.7 | Death: The little dog bites!  The lit
Ep  35 [w5] [val-hum-law-fem] Turns:  4265 | Depth:  1 | Score:    33 | SPS:   774.8 | Death: You can hear again.  You faint
Ep  36 [w6] [val-hum-law-fem] Turns: 13086 | Depth:  2 | Score:   479 | SPS:   656.7 | Death: You can hear again.  You faint
Ep  37 [w7] [val-hum-law-fem] Turns:  1407 | Depth:  6 | Score:   694 | SPS:   773.1 | Death: The rothe hits!
Ep  38 [w8] [val-hum-law-fem] Turns: 15571 | Depth:  1 | Score:   644 | SPS:   691.5 | Death: You faint from lack of food.
Ep  39 [w9] [val-hum-law-fem] Turns:  6501 | Depth:  4 | Score:   471 | SPS:  1268.4 | Death: Survived
Ep  40 [w0] [val-hum-law-fem] Turns:  7483 | Depth:  1 | Score:    27 | SPS:   311.7 | Death: Survived
Ep  41 [w1] [val-hum-law-fem] Turns:  2258 | Depth:  2 | Score:   499 | SPS:   456.9 | Death: The little dog bites!
Ep  42 [w2] [val-hum-law-fem] Turns:  2055 | Depth:  1 | Score:     0 | SPS:   858.3 | Death: You can hear again.  You faint
Ep  43 [w3] [val-hum-law-fem] Turns: 16361 | Depth:  1 | Score:   971 | SPS:   816.4 | Death: The jackal misses!  You can he
Ep  44 [w4] [val-hum-law-fem] Turns:  1123 | Depth:  3 | Score:   188 | SPS:   797.5 | Death: The gecko bites!
Ep  45 [w5] [val-hum-law-fem] Turns:  6499 | Depth:  1 | Score:    36 | SPS:   361.7 | Death: Survived
Ep  46 [w6] [val-hum-law-fem] Turns:   160 | Depth:  3 | Score:   115 | SPS:   948.1 | Death: The bat bites!
Ep  47 [w7] [val-hum-law-fem] Turns:  3331 | Depth:  2 | Score:   670 | SPS:   691.7 | Death: Survived
Ep  48 [w8] [val-hum-law-fem] Turns:   216 | Depth:  1 | Score:    41 | SPS:   710.8 | Death: The goblin thrusts her orcish 
Ep  49 [w9] [val-hum-law-fem] Turns:  1854 | Depth:  3 | Score:   391 | SPS:  1581.3 | Death: You cannot escape from the lic
Ep  50 [w0] [val-hum-law-fem] Turns:  1802 | Depth:  1 | Score:   155 | SPS:   810.0 | Death: The kitten drops a dagger.  Th
Ep  51 [w1] [val-hum-law-fem] Turns: 20030 | Depth:  1 | Score:   112 | SPS:   820.5 | Death: Survived
Ep  52 [w2] [val-hum-law-fem] Turns:  4098 | Depth:  2 | Score:   398 | SPS:   695.4 | Death: The kitten bites!  You faint f
Ep  53 [w3] [val-hum-law-fem] Turns:  2188 | Depth:  1 | Score:    58 | SPS:   840.8 | Death: You faint from lack of food.  
Ep  54 [w4] [val-hum-law-fem] Turns:   293 | Depth:  3 | Score:   117 | SPS:   723.3 | Death: The gnome lord hits!
Ep  55 [w5] [val-hum-law-fem] Turns:  1794 | Depth:  4 | Score:   325 | SPS:  1454.2 | Death: The giant bat bites!  The gian
Ep  56 [w6] [val-hum-law-fem] Turns:  2805 | Depth:  3 | Score:   304 | SPS:  1576.4 | Death: The kobold hits!
Ep  57 [w7] [val-hum-law-fem] Turns:   149 | Depth:  1 | Score:    78 | SPS:   570.1 | Death: You swap places with your litt
Ep  58 [w8] [val-hum-law-fem] Turns:  1858 | Depth:  3 | Score:   151 | SPS:  1059.7 | Death: The grid bug misses!  The gian
Ep  59 [w9] [val-hum-law-fem] Turns:  3786 | Depth:  1 | Score:     4 | SPS:   919.2 | Death: The grid bug bites!  You get z
Ep  60 [w0] [val-hum-law-fem] Turns:  5324 | Depth:  3 | Score:   281 | SPS:  1830.9 | Death: Survived
Ep  61 [w1] [val-hum-law-fem] Turns:  5233 | Depth:  3 | Score:  1085 | SPS:  1651.8 | Death: The fog cloud engulfs you! You
Ep  62 [w2] [val-hum-law-fem] Turns:  6703 | Depth:  2 | Score:   277 | SPS:   844.4 | Death: The giant rat bites!
Ep  63 [w3] [val-hum-law-fem] Turns:  4296 | Depth:  2 | Score:   196 | SPS:   781.6 | Death: You faint from lack of food.
Ep  64 [w4] [val-hum-law-fem] Turns:  3024 | Depth:  1 | Score:     0 | SPS:   893.7 | Death: Survived
Ep  65 [w5] [val-hum-law-fem] Turns:   386 | Depth:  1 | Score:    31 | SPS:   740.1 | Death: It bites!
Ep  66 [w6] [val-hum-law-fem] Turns:  1625 | Depth:  2 | Score:   232 | SPS:   649.4 | Death: The grid bug bites!  You get z
Ep  67 [w7] [val-hum-law-fem] Turns:  4501 | Depth:  1 | Score:   144 | SPS:   581.8 | Death: Survived
Ep  68 [w8] [val-hum-law-fem] Turns:   235 | Depth:  2 | Score:    83 | SPS:   792.3 | Death: Wait!  There's something there
Ep  69 [w9] [val-hum-law-fem] Turns:  2197 | Depth:  1 | Score:    24 | SPS:   788.4 | Death: The jackal bites!
Ep  70 [w0] [val-hum-law-fem] Turns:  1328 | Depth:  3 | Score:   219 | SPS:   531.0 | Death: The jackal bites!
Ep  71 [w1] [val-hum-law-fem] Turns:  3262 | Depth:  3 | Score:   308 | SPS:  1750.4 | Death: The garter snake bites!  The j
Ep  72 [w2] [val-hum-law-fem] Turns:  5270 | Depth:  2 | Score:   402 | SPS:   364.7 | Death: The garter snake bites!
Ep  73 [w3] [val-hum-law-fem] Turns:  1966 | Depth:  5 | Score:   415 | SPS:   678.7 | Death: The gnome lord swings his long
Ep  74 [w4] [val-hum-law-fem] Turns:   863 | Depth:  3 | Score:   147 | SPS:   696.4 | Death: The giant rat bites!
Ep  75 [w5] [val-hum-law-fem] Turns:   133 | Depth:  2 | Score:    63 | SPS:   595.4 | Death: The fox bites!
Ep  76 [w6] [val-hum-law-fem] Turns:  3908 | Depth:  2 | Score:   443 | SPS:   338.6 | Death: You faint from lack of food.  
Ep  77 [w7] [val-hum-law-fem] Turns:  6767 | Depth:  1 | Score:    52 | SPS:   865.6 | Death: You faint from lack of food.  
Ep  78 [w8] [val-hum-law-fem] Turns:  2010 | Depth:  2 | Score:   252 | SPS:   192.5 | Death: You can hear again.  You faint
Ep  79 [w9] [val-hum-law-fem] Turns:  1922 | Depth:  1 | Score:    76 | SPS:   890.2 | Death: The kobold zaps a maple wand! 
Ep  80 [w0] [val-hum-law-fem] Turns: 14451 | Depth:  1 | Score:   316 | SPS:   612.0 | Death: You faint from lack of food.
Ep  81 [w1] [val-hum-law-fem] Turns:  2951 | Depth:  1 | Score:    32 | SPS:   884.0 | Death: You faint from lack of food.  
Ep  82 [w2] [val-hum-law-fem] Turns:  4462 | Depth:  1 | Score:    52 | SPS:   676.7 | Death: The sewer rat bites!
Ep  83 [w3] [val-hum-law-fem] Turns:   506 | Depth:  1 | Score:     4 | SPS:   755.4 | Death: You are caught in a bear trap.
Ep  84 [w4] [val-hum-law-fem] Turns:  3206 | Depth:  1 | Score:    14 | SPS:   794.6 | Death: Survived
Ep  85 [w5] [val-hum-law-fem] Turns:  2301 | Depth:  3 | Score:   458 | SPS:   656.8 | Death: The giant bat bites!  The gian
Ep  86 [w6] [val-hum-law-fem] Turns:  7156 | Depth:  3 | Score:   425 | SPS:   375.7 | Death: The garter snake bites!
Ep  87 [w7] [val-hum-law-fem] Turns:  2096 | Depth:  3 | Score:   321 | SPS:  1196.1 | Death: You miss the cave spider.  The
Ep  88 [w8] [val-hum-law-fem] Turns:  5387 | Depth:  3 | Score:   242 | SPS:  1789.3 | Death: Survived
Ep  89 [w9] [val-hum-law-fem] Turns:  4414 | Depth:  2 | Score:   744 | SPS:   845.3 | Death: The garter snake bites!
Ep  90 [w0] [val-hum-law-fem] Turns: 22645 | Depth:  1 | Score:     7 | SPS:   907.4 | Death: Survived
Ep  91 [w1] [val-hum-law-fem] Turns:  6142 | Depth:  1 | Score:   799 | SPS:   576.8 | Death: The garter snake bites!  The g
Ep  92 [w2] [val-hum-law-fem] Turns:  6731 | Depth:  3 | Score:   288 | SPS:  1333.6 | Death: Survived
Ep  93 [w3] [val-hum-law-fem] Turns:  5223 | Depth:  2 | Score:   393 | SPS:  1016.8 | Death: You faint from lack of food.  
Ep  94 [w4] [val-hum-law-fem] Turns: 18773 | Depth:  1 | Score:   863 | SPS:   590.9 | Death: The iguana bites!
Ep  95 [w5] [val-hum-law-fem] Turns:  1899 | Depth:  1 | Score:    20 | SPS:   883.5 | Death: The grid bug bites!  You get z
Ep  96 [w6] [val-hum-law-fem] Turns:  7579 | Depth:  1 | Score:   186 | SPS:   441.8 | Death: Survived
Ep  97 [w7] [val-hum-law-fem] Turns:  3335 | Depth:  1 | Score:     0 | SPS:   930.9 | Death: You faint from lack of food.
Ep  98 [w8] [val-hum-law-fem] Turns:  8241 | Depth:  2 | Score:   662 | SPS:   754.1 | Death: Survived
Ep  99 [w9] [val-hum-law-fem] Turns:  1843 | Depth:  4 | Score:   343 | SPS:   682.9 | Death: Survived
Ep 100 [w0] [val-hum-law-fem] Turns:   587 | Depth:  3 | Score:   117 | SPS:   806.0 | Death: The giant rat bites!
================================================================================
Median Depth: 2.0 | Mean Score: 275.4 | Mean Turns: 5001.9 | Wall SPS-equiv: 2758.7
Nogoods merged: 5 entries | Errors: 0
Results written to data/armD_tight_100ep.json (181.3s wall)
