================================================================================
CORP Parallel Batch Runner | Run 3o29jN
Episodes: 100 @ 20000 steps | Jobs: 10 | Role: valkyrie
================================================================================
[policy] goal_events flush failed: IO Error: Could not set lock on file "/home/bae/corp/data/corp_telemetry.duckdb": Conflicting lock is held in /home/bae/.local/share/uv/python/cpython-3.12.13-linux-x86_64-gnu/bin/python3.12 (PID 61197) by user bae. See also https://duckdb.org/docs/stable/connect/concurrency
[policy] goal_events flush failed: IO Error: Could not set lock on file "/home/bae/corp/data/corp_telemetry.duckdb": Conflicting lock is held in /home/bae/.local/share/uv/python/cpython-3.12.13-linux-x86_64-gnu/bin/python3.12 (PID 61202) by user bae. See also https://duckdb.org/docs/stable/connect/concurrency
[policy] goal_events flush failed: IO Error: Could not set lock on file "/home/bae/corp/data/corp_telemetry.duckdb": Conflicting lock is held in /home/bae/.local/share/uv/python/cpython-3.12.13-linux-x86_64-gnu/bin/python3.12 (PID 61194) by user bae. See also https://duckdb.org/docs/stable/connect/concurrency
[policy] goal_events flush failed: IO Error: Could not set lock on file "/home/bae/corp/data/corp_telemetry.duckdb": Conflicting lock is held in /home/bae/.local/share/uv/python/cpython-3.12.13-linux-x86_64-gnu/bin/python3.12 (PID 61202) by user bae. See also https://duckdb.org/docs/stable/connect/concurrency
[policy] goal_events flush failed: IO Error: Could not set lock on file "/home/bae/corp/data/corp_telemetry.duckdb": Conflicting lock is held in /home/bae/.local/share/uv/python/cpython-3.12.13-linux-x86_64-gnu/bin/python3.12 (PID 61194) by user bae. See also https://duckdb.org/docs/stable/connect/concurrency
Ep   1 [w1] [val-hum-law-fem] Turns:  5234 | Depth:  3 | Score:   207 | SPS:   934.6 | Death: You faint from lack of food.
Ep   2 [w2] [val-hum-law-fem] Turns:  2819 | Depth:  3 | Score:   368 | SPS:   412.6 | Death: Are you sure you want to pray?
Ep   3 [w3] [val-hum-law-fem] Turns:  5370 | Depth:  1 | Score:   316 | SPS:   298.1 | Death: You can hear again.  You faint
Ep   4 [w4] [val-hum-law-fem] Turns:   728 | Depth:  3 | Score:   167 | SPS:   468.5 | Death: The coyote bites!
Ep   5 [w5] [val-hum-law-fem] Turns:  4406 | Depth:  2 | Score:   230 | SPS:   366.6 | Death: There is a sleeping gas trap h
Ep   6 [w6] [val-hum-law-fem] Turns:  9020 | Depth:  6 | Score:   888 | SPS:   498.8 | Death: Are you sure you want to pray?
Ep   7 [w7] [val-hum-law-fem] Turns:    86 | Depth:  1 | Score:    10 | SPS:   215.8 | Death: The newt bites!
Ep   8 [w8] [val-hum-law-fem] Turns:  2323 | Depth:  2 | Score:   140 | SPS:   494.0 | Death: The kitten picks up a dart.  Y
Ep   9 [w9] [val-hum-law-fem] Turns:  9199 | Depth:  2 | Score:   279 | SPS:   263.3 | Death: Survived
Ep  10 [w0] [val-hum-law-fem] Turns:  2146 | Depth:  3 | Score:   396 | SPS:   475.9 | Death: The hobgoblin thrusts his orci
Ep  11 [w1] [val-hum-law-fem] Turns:  4812 | Depth:  2 | Score:   488 | SPS:   520.5 | Death: The newt bites!
Ep  12 [w2] [val-hum-law-fem] Turns:  3531 | Depth:  4 | Score:   452 | SPS:   553.2 | Death: Survived
Ep  13 [w3] [val-hum-law-fem] Turns:  9303 | Depth:  3 | Score:   435 | SPS:   287.5 | Death: Survived
Ep  14 [w4] [val-hum-law-fem] Turns:  1950 | Depth:  4 | Score:   304 | SPS:  1271.3 | Death: The fox bites!
Ep  15 [w5] [val-hum-law-fem] Turns:  3822 | Depth:  1 | Score:   230 | SPS:   417.5 | Death: The newt bites!
Ep  16 [w6] [val-hum-law-fem] Turns:   794 | Depth:  5 | Score:   505 | SPS:   582.0 | Death: The gnome swings his aklys.  T
Ep  17 [w7] [val-hum-law-fem] Turns:  2721 | Depth:  3 | Score:   182 | SPS:  1241.6 | Death: Wait!  There's something there
Ep  18 [w8] [val-hum-law-fem] Turns:   224 | Depth:  2 | Score:    87 | SPS:   560.0 | Death: The jackal bites!
Ep  19 [w9] [val-hum-law-fem] Turns:   644 | Depth:  3 | Score:   147 | SPS:   654.3 | Death: The kobold hits!
Ep  20 [w0] [val-hum-law-fem] Turns:  1520 | Depth:  1 | Score:    24 | SPS:   531.0 | Death: The little dog bites!
Ep  21 [w1] [val-hum-law-fem] Turns:  2769 | Depth:  2 | Score:    61 | SPS:   506.7 | Death: You faint from lack of food.
Ep  22 [w2] [val-hum-law-fem] Turns:   185 | Depth:  2 | Score:    58 | SPS:   546.1 | Death: The jackal bites!
Ep  23 [w3] [val-hum-law-fem] Turns:  1605 | Depth:  3 | Score:   202 | SPS:   738.1 | Death: The hobbit hits!
Ep  24 [w4] [val-hum-law-fem] Turns:  1264 | Depth:  2 | Score:   255 | SPS:   547.9 | Death: The jackal bites!
Ep  25 [w5] [val-hum-law-fem] Turns:  7303 | Depth:  2 | Score:   287 | SPS:   538.5 | Death: You faint from lack of food.
Ep  26 [w6] [val-hum-law-fem] Turns:  2688 | Depth:  2 | Score:   122 | SPS:   533.1 | Death: You faint from lack of food.  
Ep  27 [w7] [val-hum-law-fem] Turns:  3880 | Depth:  1 | Score:   137 | SPS:   381.6 | Death: You faint from lack of food.  
Ep  28 [w8] [val-hum-law-fem] Turns:  2778 | Depth:  1 | Score:    30 | SPS:   616.3 | Death: The grid bug bites!  You get z
Ep  29 [w9] [val-hum-law-fem] Turns:   947 | Depth:  3 | Score:   138 | SPS:   615.5 | Death: The jackal bites!
Ep  30 [w0] [val-hum-law-fem] Turns:  1191 | Depth:  3 | Score:   249 | SPS:  1207.5 | Death: You faint from lack of food.  
Ep  31 [w1] [val-hum-law-fem] Turns:   588 | Depth:  3 | Score:   143 | SPS:   639.2 | Death: The small mimic hits!
Ep  32 [w2] [val-hum-law-fem] Turns:  7643 | Depth:  1 | Score:   768 | SPS:   414.7 | Death: The jackal bites!  You faint f
Ep  33 [w3] [val-hum-law-fem] Turns:  8949 | Depth:  2 | Score:   227 | SPS:   571.0 | Death: The gnome zombie hits!
Ep  34 [w4] [val-hum-law-fem] Turns:  2148 | Depth:  2 | Score:   223 | SPS:   564.7 | Death: The jackal bites!
Ep  35 [w5] [val-hum-law-fem] Turns:   150 | Depth:  1 | Score:    16 | SPS:   518.3 | Death: There are several objects here
Ep  36 [w6] [val-hum-law-fem] Turns:  1252 | Depth:  2 | Score:   242 | SPS:   819.9 | Death: You see here a splint mail (fo
Ep  37 [w7] [val-hum-law-fem] Turns:   344 | Depth:  2 | Score:    94 | SPS:   643.7 | Death: Survived
Ep  38 [w8] [val-hum-law-fem] Turns:  1377 | Depth:  2 | Score:   190 | SPS:   407.1 | Death: Survived
Ep  39 [w9] [val-hum-law-fem] Turns:   234 | Depth:  2 | Score:    53 | SPS:   589.6 | Death: The jackal bites!
Ep  40 [w0] [val-hum-law-fem] Turns:   901 | Depth:  3 | Score:   243 | SPS:   652.3 | Death: The hobbit hits!
Ep  41 [w1] [val-hum-law-fem] Turns:  3509 | Depth:  2 | Score:   658 | SPS:   331.5 | Death: The jackal bites!  The jackal 
Ep  42 [w2] [val-hum-law-fem] Turns:  3806 | Depth:  1 | Score:   169 | SPS:   352.4 | Death: The dog picks up an orcish dag
Ep  43 [w3] [val-hum-law-fem] Turns: 17713 | Depth:  1 | Score:   811 | SPS:   459.3 | Death: Are you sure you want to pray?
Ep  44 [w4] [val-hum-law-fem] Turns:  1125 | Depth:  4 | Score:   318 | SPS:   623.3 | Death: You see here a banded mail (fo
Ep  45 [w5] [val-hum-law-fem] Turns:  2063 | Depth:  1 | Score:    26 | SPS:   638.1 | Death: The newt bites!
Ep  46 [w6] [val-hum-law-fem] Turns:  1889 | Depth:  2 | Score:   102 | SPS:   568.1 | Death: The grid bug bites!  You get z
Ep  47 [w7] [val-hum-law-fem] Turns:  5083 | Depth:  1 | Score:   308 | SPS:   203.4 | Death: You miss the grid bug.  The gr
Ep  48 [w8] [val-hum-law-fem] Turns:  1802 | Depth:  3 | Score:   478 | SPS:   722.6 | Death: You faint from lack of food.  
Ep  49 [w9] [val-hum-law-fem] Turns:   950 | Depth:  1 | Score:    95 | SPS:   489.5 | Death: You faint from lack of food.  
Ep  50 [w0] [val-hum-law-fem] Turns:   552 | Depth:  1 | Score:    54 | SPS:   499.2 | Death: The newt bites!
Ep  51 [w1] [val-hum-law-fem] Turns:  2333 | Depth:  5 | Score:   308 | SPS:   449.6 | Death: You kill the gas spore!  You a
Ep  52 [w2] [val-hum-law-fem] Turns:  2589 | Depth:  6 | Score:   704 | SPS:   550.0 | Death: The gnome mummy hits!
Ep  53 [w3] [val-hum-law-fem] Turns:  4787 | Depth:  3 | Score:   807 | SPS:   421.8 | Death: The kitten bites!
Ep  54 [w4] [val-hum-law-fem] Turns:  1937 | Depth:  4 | Score:   442 | SPS:   612.7 | Death: The little dog just misses!  T
Ep  55 [w5] [val-hum-law-fem] Turns:  2048 | Depth:  1 | Score:    68 | SPS:   677.9 | Death: You try to feel what is lying 
Ep  56 [w6] [val-hum-law-fem] Turns:  1598 | Depth:  1 | Score:    16 | SPS:   678.3 | Death: The kitten bites!
Ep  57 [w7] [val-hum-law-fem] Turns:  3273 | Depth:  2 | Score:   438 | SPS:   338.2 | Death: The giant bat bites!
Ep  58 [w8] [val-hum-law-fem] Turns:  1246 | Depth:  3 | Score:   518 | SPS:  1163.3 | Death: The little dog bites!
Ep  59 [w9] [val-hum-law-fem] Turns:   223 | Depth:  1 | Score:    36 | SPS:   594.3 | Death: The grid bug bites!  You get z
Ep  60 [w0] [val-hum-law-fem] Turns:  3272 | Depth:  4 | Score:   631 | SPS:   460.4 | Death: You faint from lack of food.  
Ep  61 [w1] [val-hum-law-fem] Turns:  5701 | Depth:  1 | Score:   136 | SPS:   558.1 | Death: The goblin hits!
Ep  62 [w2] [val-hum-law-fem] Turns:   221 | Depth:  2 | Score:   112 | SPS:   620.4 | Death: The jackal bites!
Ep  63 [w3] [val-hum-law-fem] Turns:  1487 | Depth:  1 | Score:    10 | SPS:   598.7 | Death: The jackal bites!
Ep  64 [w4] [val-hum-law-fem] Turns:  4259 | Depth:  2 | Score:   383 | SPS:   751.5 | Death: You see here a purple-red poti
Ep  65 [w5] [val-hum-law-fem] Turns:   863 | Depth:  3 | Score:   169 | SPS:   710.5 | Death: Are you sure you want to pray?
Ep  66 [w6] [val-hum-law-fem] Turns:  1684 | Depth:  3 | Score:   388 | SPS:  1097.7 | Death: The kitten bites!  The kitten 
Ep  67 [w7] [val-hum-law-fem] Turns:  2298 | Depth:  4 | Score:   295 | SPS:   620.1 | Death: You faint from lack of food.
Ep  68 [w8] [val-hum-law-fem] Turns:   684 | Depth:  3 | Score:   172 | SPS:   535.8 | Death: The newt bites!
Ep  69 [w9] [val-hum-law-fem] Turns:  5424 | Depth:  1 | Score:   905 | SPS:   405.4 | Death: The iguana bites!
Ep  70 [w0] [val-hum-law-fem] Turns:   790 | Depth:  3 | Score:   154 | SPS:   564.5 | Death: Survived
Ep  71 [w1] [val-hum-law-fem] Turns:   814 | Depth:  4 | Score:   218 | SPS:   628.9 | Death: Survived
Ep  72 [w2] [val-hum-law-fem] Turns:  5180 | Depth:  2 | Score:   423 | SPS:   447.3 | Death: The little dog bites!
Ep  73 [w3] [val-hum-law-fem] Turns:  1486 | Depth:  5 | Score:   323 | SPS:   631.1 | Death: The bat bites!
Ep  74 [w4] [val-hum-law-fem] Turns:  1940 | Depth:  3 | Score:   313 | SPS:   403.3 | Death: The little dog bites!  The lit
Ep  75 [w5] [val-hum-law-fem] Turns:   909 | Depth:  2 | Score:    82 | SPS:   857.6 | Death: You faint from lack of food.  
Ep  76 [w6] [val-hum-law-fem] Turns:   335 | Depth:  3 | Score:   105 | SPS:  1013.5 | Death: The jackal bites!  The jackal 
Ep  77 [w7] [val-hum-law-fem] Turns:   161 | Depth:  1 | Score:    12 | SPS:   563.3 | Death: The door opens.  The fox bites
Ep  78 [w8] [val-hum-law-fem] Turns:  5874 | Depth:  1 | Score:   426 | SPS:   397.0 | Death: You faint from lack of food.
Ep  79 [w9] [val-hum-law-fem] Turns:  1188 | Depth:  3 | Score:   156 | SPS:  1131.9 | Death: The gecko bites!  The fox bite
Ep  80 [w0] [val-hum-law-fem] Turns:   427 | Depth:  5 | Score:   283 | SPS:   650.5 | Death: The hobgoblin swings his scimi
Ep  81 [w1] [val-hum-law-fem] Turns:  2195 | Depth:  3 | Score:   328 | SPS:   790.6 | Death: The grid bug bites!  You get z
Ep  82 [w2] [val-hum-law-fem] Turns:   965 | Depth:  2 | Score:    82 | SPS:   758.4 | Death: The kobold zombie hits!
Ep  83 [w3] [val-hum-law-fem] Turns:     1 | Depth:  1 | Score:     0 | SPS:  4045.1 | Death: Survived
Ep  84 [w4] [val-hum-law-fem] Turns:   552 | Depth:  5 | Score:   264 | SPS:   589.6 | Death: The rabid rat bites!
Ep  85 [w5] [val-hum-law-fem] Turns:  2631 | Depth:  2 | Score:   304 | SPS:   505.2 | Death: The hobbit hits!
Ep  86 [w6] [val-hum-law-fem] Turns: 17567 | Depth:  3 | Score:   525 | SPS:   365.2 | Death: You faint from lack of food.
Ep  87 [w7] [val-hum-law-fem] Turns:   595 | Depth:  3 | Score:   147 | SPS:   708.0 | Death: The jackal bites!  The giant r
Ep  88 [w8] [val-hum-law-fem] Turns:    93 | Depth:  1 | Score:     5 | SPS:   531.9 | Death: The goblin thrusts his orcish 
Ep  89 [w9] [val-hum-law-fem] Turns:  4257 | Depth:  2 | Score:   305 | SPS:   666.5 | Death: The fox bites!
Ep  90 [w0] [val-hum-law-fem] Turns:   607 | Depth:  2 | Score:   163 | SPS:   562.6 | Death: The bat bites!  The bat bites!
Ep  91 [w1] [val-hum-law-fem] Turns:   261 | Depth:  3 | Score:   139 | SPS:   702.0 | Death: The gnome thrusts her dagger. 
Ep  92 [w2] [val-hum-law-fem] Turns:   145 | Depth:  1 | Score:    10 | SPS:   637.3 | Death: The newt bites!
Ep  93 [w3] [val-hum-law-fem] Turns:  3413 | Depth:  3 | Score:   612 | SPS:   545.1 | Death: The giant bat bites!
Ep  94 [w4] [val-hum-law-fem] Turns:  3192 | Depth:  3 | Score:   309 | SPS:   142.7 | Death: It hits!
Ep  95 [w5] [val-hum-law-fem] Turns:   483 | Depth:  2 | Score:    64 | SPS:   695.0 | Death: The goblin hits!
Ep  96 [w6] [val-hum-law-fem] Turns:  4026 | Depth:  2 | Score:   333 | SPS:   503.9 | Death: The gecko bites!  You faint fr
Ep  97 [w7] [val-hum-law-fem] Turns:  3539 | Depth:  3 | Score:   287 | SPS:  1313.4 | Death: Are you sure you want to pray?
Ep  98 [w8] [val-hum-law-fem] Turns:   374 | Depth:  3 | Score:   175 | SPS:  2575.4 | Death: Survived
Ep  99 [w9] [val-hum-law-fem] Turns:  1651 | Depth:  4 | Score:   369 | SPS:   622.1 | Death: The giant rat bites!  The jack
Ep 100 [w0] [val-hum-law-fem] Turns:  2602 | Depth:  4 | Score:   655 | SPS:   437.7 | Death: The rock mole bites!
================================================================================
Median Depth: 2.0 | Mean Score: 267.2 | Mean Turns: 2715.2 | Wall SPS-equiv: 1790.3
Nogoods merged: 5 entries | Errors: 0
Results written to data/postR4_baseline_100ep.json (151.7s wall)
