================================================================================
CORP Neuro-Symbolic Cognitive OS: Benchmark & Training Runner
Run ID: oPoU2l | Type: fast_prelim | Mode: MODE_RANDOM_GENERALIST
Episodes: 100 | Step Budget: 20000 | Provider: mock (Model: N/A)
Autopsy Engine: DISABLED
Telemetry: Parquet (logs/parquet) -> DuckDB (data/corp_telemetry.duckdb)
================================================================================
Loaded 5 persistent Nogoods from data/nogoods.json
Ep   1/100 [val-hum-law-fem] Turns:  7119 | Depth:  1 | Score:   285 | SPS:   433.6 | Nogoods:  5 | Death: The newt bites!  You faint fro
Ep   2/100 [val-hum-law-fem] Turns:   924 | Depth:  4 | Score:   287 | SPS:   940.9 | Nogoods:  5 | Death: The giant rat bites!
Ep   3/100 [val-hum-law-fem] Turns:  1264 | Depth:  2 | Score:   157 | SPS:   257.4 | Nogoods:  5 | Death: Survived
Ep   4/100 [val-hum-law-fem] Turns:  2270 | Depth:  2 | Score:   118 | SPS:   844.4 | Nogoods:  5 | Death: You are caught in a bear trap.
Ep   5/100 [val-hum-law-fem] Turns:  2002 | Depth:  7 | Score:   752 | SPS:   654.6 | Nogoods:  5 | Death: The rothe hits!  The rothe bit
Ep   6/100 [val-hum-law-fem] Turns:  3628 | Depth:  2 | Score:   374 | SPS:   627.9 | Nogoods:  5 | Death: You see here an orcish dagger.
Ep   7/100 [val-hum-law-fem] Turns:  2084 | Depth:  3 | Score:   429 | SPS:  1668.0 | Nogoods:  5 | Death: The fox bites!
Ep   8/100 [val-hum-law-fem] Turns:  8267 | Depth:  1 | Score:   636 | SPS:   566.5 | Nogoods:  5 | Death: You faint from lack of food.  
Ep   9/100 [val-hum-law-fem] Turns:  1536 | Depth:  3 | Score:   566 | SPS:  1394.9 | Nogoods:  5 | Death: The newt bites!  The large kob
Ep  10/100 [val-hum-law-fem] Turns:  6400 | Depth:  3 | Score:   455 | SPS:  1081.9 | Nogoods:  5 | Death: Survived
Ep  11/100 [val-hum-law-fem] Turns:  2046 | Depth:  2 | Score:   266 | SPS:   461.8 | Nogoods:  5 | Death: The grid bug bites!  You get z
Ep  12/100 [val-hum-law-fem] Turns:  1917 | Depth:  2 | Score:   136 | SPS:   823.4 | Nogoods:  5 | Death: The sewer rat misses!  The sew
Ep  13/100 [val-hum-law-fem] Turns: 13782 | Depth:  2 | Score:   687 | SPS:   747.3 | Nogoods:  5 | Death: Itemized billing? [ynq] (q) Yo
Ep  14/100 [val-hum-law-fem] Turns:  1333 | Depth:  5 | Score:   436 | SPS:   807.1 | Nogoods:  5 | Death: The garter snake bites!
Ep  15/100 [val-hum-law-fem] Turns:  4929 | Depth:  3 | Score:   186 | SPS:  1567.0 | Nogoods:  5 | Death: You kill the gas spore! The ki
Ep  16/100 [val-hum-law-fem] Turns:  5249 | Depth:  3 | Score:   167 | SPS:   880.4 | Nogoods:  5 | Death: Survived
Ep  17/100 [val-hum-law-fem] Turns:  3433 | Depth:  2 | Score:   472 | SPS:   518.9 | Nogoods:  5 | Death: The little dog bites!  The lit
Ep  18/100 [val-hum-law-fem] Turns:  6168 | Depth:  3 | Score:  1175 | SPS:  1254.0 | Nogoods:  5 | Death: The goblin hits!
Ep  19/100 [val-hum-law-fem] Turns: 18966 | Depth:  5 | Score:   365 | SPS:   530.6 | Nogoods:  5 | Death: Survived
Ep  20/100 [val-hum-law-fem] Turns:  7940 | Depth:  1 | Score:   470 | SPS:   762.4 | Nogoods:  5 | Death: You faint from lack of food.  
Ep  21/100 [val-hum-law-fem] Turns:  1355 | Depth:  6 | Score:   291 | SPS:   870.1 | Nogoods:  5 | Death: The giant bat bites!
Ep  22/100 [val-hum-law-fem] Turns:  2995 | Depth:  2 | Score:   341 | SPS:   679.5 | Nogoods:  5 | Death: Are you sure you want to pray?
Ep  23/100 [val-hum-law-fem] Turns:  1578 | Depth:  6 | Score:   585 | SPS:   809.5 | Nogoods:  5 | Death: You faint from lack of food.  
Ep  24/100 [val-hum-law-fem] Turns:  5935 | Depth:  2 | Score:   422 | SPS:   282.5 | Nogoods:  5 | Death: The kitten bites!
Ep  25/100 [val-hum-law-fem] Turns:  8433 | Depth:  2 | Score:   185 | SPS:   697.4 | Nogoods:  5 | Death: You can hear again.  You faint
Ep  26/100 [val-hum-law-fem] Turns:  1698 | Depth:  3 | Score:   249 | SPS:   609.2 | Nogoods:  5 | Death: Survived
Ep  27/100 [val-hum-law-fem] Turns:  2079 | Depth:  4 | Score:   447 | SPS:   516.7 | Nogoods:  5 | Death: The hobbit thrusts her dagger.
Ep  28/100 [val-hum-law-fem] Turns: 18164 | Depth:  3 | Score:   405 | SPS:   698.5 | Nogoods:  5 | Death: The grid bug just misses!  You
Ep  29/100 [val-hum-law-fem] Turns:   812 | Depth:  2 | Score:   131 | SPS:   899.3 | Nogoods:  5 | Death: You are caught in a bear trap.
Ep  30/100 [val-hum-law-fem] Turns:  8898 | Depth:  1 | Score:     0 | SPS:   812.1 | Nogoods:  5 | Death: You faint from lack of food.  
Ep  31/100 [val-hum-law-fem] Turns:  2742 | Depth:  3 | Score:   385 | SPS:   737.6 | Nogoods:  5 | Death: The homunculus bites!  You are
Ep  32/100 [val-hum-law-fem] Turns:  1173 | Depth:  4 | Score:   360 | SPS:   784.6 | Nogoods:  5 | Death: The kitten bites!
Ep  33/100 [val-hum-law-fem] Turns:  2907 | Depth:  3 | Score:   285 | SPS:  1809.3 | Nogoods:  5 | Death: The gnome just misses!  The ho
Ep  34/100 [val-hum-law-fem] Turns:  1341 | Depth:  3 | Score:   297 | SPS:   480.5 | Nogoods:  5 | Death: The gnome lord swings his club
Ep  35/100 [val-hum-law-fem] Turns:  2358 | Depth:  6 | Score:   893 | SPS:   666.4 | Nogoods:  5 | Death: The large cat gets angry!  You
Ep  36/100 [val-hum-law-fem] Turns:   866 | Depth:  4 | Score:   295 | SPS:   840.9 | Nogoods:  5 | Death: The kitten bites!  The kitten 
Ep  37/100 [val-hum-law-fem] Turns:  1877 | Depth:  6 | Score:   944 | SPS:   836.4 | Nogoods:  5 | Death: The giant bat bites!
Ep  38/100 [val-hum-law-fem] Turns: 13347 | Depth:  1 | Score:  1379 | SPS:   622.0 | Nogoods:  5 | Death: The hobbit thrusts his elven d
Ep  39/100 [val-hum-law-fem] Turns:  3833 | Depth:  5 | Score:   615 | SPS:   741.1 | Nogoods:  5 | Death: You faint from lack of food.  
Ep  40/100 [val-hum-law-fem] Turns:   263 | Depth:  1 | Score:    40 | SPS:   896.7 | Nogoods:  5 | Death: The jackal bites!
Ep  41/100 [val-hum-law-fem] Turns:   340 | Depth:  3 | Score:   180 | SPS:   884.9 | Nogoods:  5 | Death: The hobbit zaps a uranium wand
Ep  42/100 [val-hum-law-fem] Turns:   602 | Depth:  1 | Score:    32 | SPS:   689.5 | Nogoods:  5 | Death: There is a falling rock trap h
Ep  43/100 [val-hum-law-fem] Turns:  1051 | Depth:  2 | Score:   122 | SPS:   720.3 | Nogoods:  5 | Death: The goblin hits!
Ep  44/100 [val-hum-law-fem] Turns:  1558 | Depth:  6 | Score:   610 | SPS:   838.3 | Nogoods:  5 | Death: The killer bee stings!
Ep  45/100 [val-hum-law-fem] Turns:  9544 | Depth:  3 | Score:   480 | SPS:   387.5 | Nogoods:  5 | Death: Survived
Ep  46/100 [val-hum-law-fem] Turns:  4863 | Depth:  1 | Score:   682 | SPS:   257.2 | Nogoods:  5 | Death: The water moccasin bites!  The
Ep  47/100 [val-hum-law-fem] Turns:  1152 | Depth:  2 | Score:   267 | SPS:   706.2 | Nogoods:  5 | Death: Survived
Ep  48/100 [val-hum-law-fem] Turns: 10137 | Depth:  2 | Score:   825 | SPS:   501.9 | Nogoods:  5 | Death: The sewer rat bites!  The rabi
Ep  49/100 [val-hum-law-fem] Turns:  1726 | Depth:  3 | Score:   334 | SPS:   757.1 | Nogoods:  5 | Death: The giant rat bites!
Ep  50/100 [val-hum-law-fem] Turns:  9161 | Depth:  1 | Score:   169 | SPS:   508.2 | Nogoods:  5 | Death: You faint from lack of food.  
Ep  51/100 [val-hum-law-fem] Turns:  5429 | Depth:  1 | Score:   435 | SPS:   419.5 | Nogoods:  5 | Death: You faint from lack of food.  
Ep  52/100 [val-hum-law-fem] Turns:  1747 | Depth:  5 | Score:   495 | SPS:   632.3 | Nogoods:  5 | Death: The pony kicks!
Ep  53/100 [val-hum-law-fem] Turns:  2308 | Depth:  7 | Score:  1293 | SPS:   699.7 | Nogoods:  5 | Death: You miss the killer bee.  The 
Ep  54/100 [val-hum-law-fem] Turns: 10801 | Depth:  2 | Score:   367 | SPS:   618.8 | Nogoods:  5 | Death: You faint from lack of food.  
Ep  55/100 [val-hum-law-fem] Turns:  1609 | Depth:  1 | Score:    20 | SPS:   857.0 | Nogoods:  5 | Death: You are caught in a bear trap.
Ep  56/100 [val-hum-law-fem] Turns:  4897 | Depth:  1 | Score:   300 | SPS:   611.1 | Nogoods:  5 | Death: Survived
Ep  57/100 [val-hum-law-fem] Turns:   223 | Depth:  3 | Score:   161 | SPS:  1040.2 | Nogoods:  5 | Death: The hobbit hits!
Ep  58/100 [val-hum-law-fem] Turns:  4245 | Depth:  4 | Score:   548 | SPS:   709.1 | Nogoods:  5 | Death: The little dog bites!
Ep  59/100 [val-hum-law-fem] Turns:  1903 | Depth:  3 | Score:   390 | SPS:   711.1 | Nogoods:  5 | Death: The kitten bites!  The kitten 
Ep  60/100 [val-hum-law-fem] Turns:  2595 | Depth:  4 | Score:   265 | SPS:  1820.7 | Nogoods:  5 | Death: The little dog bites!  The lit
Ep  61/100 [val-hum-law-fem] Turns:  2730 | Depth:  2 | Score:   319 | SPS:   709.9 | Nogoods:  5 | Death: The kobold thrusts her orcish 
Ep  62/100 [val-hum-law-fem] Turns:  2244 | Depth:  6 | Score:   509 | SPS:   718.7 | Nogoods:  5 | Death: You pull free from the lichen.
Ep  63/100 [val-hum-law-fem] Turns:    35 | Depth:  1 | Score:     4 | SPS:  1150.4 | Nogoods:  5 | Death: The jackal bites!
Ep  64/100 [val-hum-law-fem] Turns:  4343 | Depth:  2 | Score:   242 | SPS:   517.0 | Nogoods:  5 | Death: The bat bites!  The bat bites!
Ep  65/100 [val-hum-law-fem] Turns:  4113 | Depth:  1 | Score:   720 | SPS:   330.2 | Nogoods:  5 | Death: The jackal bites!
Ep  66/100 [val-hum-law-fem] Turns:  4406 | Depth:  1 | Score:     8 | SPS:   828.1 | Nogoods:  5 | Death: WHAMMM!!!  You faint from lack
Ep  67/100 [val-hum-law-fem] Turns:   388 | Depth:  3 | Score:   132 | SPS:   962.7 | Nogoods:  5 | Death: The giant rat bites!
Ep  68/100 [val-hum-law-fem] Turns:   981 | Depth:  4 | Score:   232 | SPS:   795.8 | Nogoods:  5 | Death: You miss the kobold.  The kobo
Ep  69/100 [val-hum-law-fem] Turns:  1250 | Depth:  9 | Score:   670 | SPS:   813.9 | Nogoods:  5 | Death: The pony kicks!
Ep  70/100 [val-hum-law-fem] Turns:  3964 | Depth:  1 | Score:   124 | SPS:   556.2 | Nogoods:  5 | Death: You faint from lack of food.
Ep  71/100 [val-hum-law-fem] Turns:  1066 | Depth:  3 | Score:   275 | SPS:   665.3 | Nogoods:  5 | Death: The grid bug bites!  You get z
Ep  72/100 [val-hum-law-fem] Turns:  2339 | Depth:  3 | Score:   295 | SPS:  1610.3 | Nogoods:  5 | Death: The giant rat bites!
Ep  73/100 [val-hum-law-fem] Turns:  2585 | Depth:  1 | Score:   133 | SPS:   727.2 | Nogoods:  5 | Death: The grid bug bites!  You get z
Ep  74/100 [val-hum-law-fem] Turns:  8469 | Depth:  3 | Score:   275 | SPS:   674.9 | Nogoods:  5 | Death: You faint from lack of food.
Ep  75/100 [val-hum-law-fem] Turns:  4414 | Depth:  2 | Score:   356 | SPS:   393.5 | Nogoods:  5 | Death: The coyote bites!
Ep  76/100 [val-hum-law-fem] Turns:  9794 | Depth:  4 | Score:  1000 | SPS:   422.0 | Nogoods:  5 | Death: Survived
Ep  77/100 [val-hum-law-fem] Turns:  5370 | Depth:  1 | Score:   512 | SPS:   454.8 | Nogoods:  5 | Death: Survived
Ep  78/100 [val-hum-law-fem] Turns:  3830 | Depth:  3 | Score:   438 | SPS:  1455.8 | Nogoods:  5 | Death: The kobold zombie hits!
Ep  79/100 [val-hum-law-fem] Turns:  3074 | Depth:  3 | Score:   404 | SPS:   377.2 | Nogoods:  5 | Death: The grid bug bites!  You get z
Ep  80/100 [val-hum-law-fem] Turns:  1398 | Depth:  4 | Score:   296 | SPS:   742.7 | Nogoods:  5 | Death: The little dog bites!
Ep  81/100 [val-hum-law-fem] Turns:  2588 | Depth:  1 | Score:    44 | SPS:   838.7 | Nogoods:  5 | Death: The dog bites!
Ep  82/100 [val-hum-law-fem] Turns:  3278 | Depth:  5 | Score:   583 | SPS:   728.1 | Nogoods:  5 | Death: The kitten bites!
Ep  83/100 [val-hum-law-fem] Turns:   153 | Depth:  1 | Score:    10 | SPS:   941.0 | Nogoods:  5 | Death: The kobold zombie hits!
Ep  84/100 [val-hum-law-fem] Turns:  4992 | Depth:  1 | Score:   565 | SPS:   583.7 | Nogoods:  5 | Death: You faint from lack of food.  
Ep  85/100 [val-hum-law-fem] Turns:   278 | Depth:  3 | Score:   187 | SPS:   940.1 | Nogoods:  5 | Death: The gnome lord hits!
Ep  86/100 [val-hum-law-fem] Turns:  2430 | Depth:  4 | Score:   660 | SPS:   711.5 | Nogoods:  5 | Death: The giant rat bites!
Ep  87/100 [val-hum-law-fem] Turns:   846 | Depth:  5 | Score:   359 | SPS:   857.2 | Nogoods:  5 | Death: The giant bat bites!  The gian
Ep  88/100 [val-hum-law-fem] Turns:  6640 | Depth:  2 | Score:   731 | SPS:   555.3 | Nogoods:  5 | Death: The hobbit hits!
Ep  89/100 [val-hum-law-fem] Turns:  3876 | Depth:  3 | Score:   230 | SPS:  1883.8 | Nogoods:  5 | Death: The hobbit hits!
Ep  90/100 [val-hum-law-fem] Turns:   613 | Depth:  4 | Score:   281 | SPS:   873.0 | Nogoods:  5 | Death: It bites!  It bites!  It bites
Ep  91/100 [val-hum-law-fem] Turns:  6255 | Depth:  1 | Score:   766 | SPS:   296.7 | Nogoods:  5 | Death: The gnome thrusts one of her d
Ep  92/100 [val-hum-law-fem] Turns:  3658 | Depth:  3 | Score:   556 | SPS:   614.9 | Nogoods:  5 | Death: The kitten bites!
Ep  93/100 [val-hum-law-fem] Turns:  3818 | Depth:  2 | Score:   353 | SPS:   638.0 | Nogoods:  5 | Death: Survived
Ep  94/100 [val-hum-law-fem] Turns:  1302 | Depth:  5 | Score:   416 | SPS:   816.5 | Nogoods:  5 | Death: The jackal bites!
Ep  95/100 [val-hum-law-fem] Turns:  2292 | Depth:  3 | Score:   314 | SPS:   475.7 | Nogoods:  5 | Death: The sewer rat misses!  The sew
Ep  96/100 [val-hum-law-fem] Turns:  1866 | Depth:  3 | Score:   313 | SPS:   528.6 | Nogoods:  5 | Death: You are hit by an orcish dagge
Ep  97/100 [val-hum-law-fem] Turns:  3956 | Depth:  2 | Score:   770 | SPS:   353.1 | Nogoods:  5 | Death: The giant bat bites!
Ep  98/100 [val-hum-law-fem] Turns:  2556 | Depth:  2 | Score:    97 | SPS:   783.5 | Nogoods:  5 | Death: You cannot escape from the lic
Ep  99/100 [val-hum-law-fem] Turns:  9943 | Depth:  1 | Score:   394 | SPS:   695.9 | Nogoods:  5 | Death: Survived
Ep 100/100 [val-hum-law-fem] Turns:  6034 | Depth:  1 | Score:   655 | SPS:   403.8 | Nogoods:  5 | Death: Survived

================================================================================
BENCHMARK AGGREGATE SUMMARY vs AUTOASCEND BASELINE
================================================================================
Metric                         | AutoAscend Baseline  | CORP Result         
--------------------------------------------------------------------------------
Median Dungeon Depth           | 10.0                 | 3.0                 
Mean Turns Survived            | 10680.0              | 3939.7              
Mean Score                     | 10714.0              | 401.7               
Ascension Rate                 | 0.0%                 | 0.0%                
Fatal Error Recurrence         | 100% (Tabula Rasa)   | 0% (CDCL Nogoods)   
Average Throughput (SPS)       | ~800 SPS             | 759.1 SPS           
================================================================================
DuckDB Telemetry: Consolidated 778 episodes & 2375893 ticks in data/corp_telemetry.duckdb
Parquet Cleanup: Purged 1187 raw files (24.56 MB freed)

DuckDB Summary View (v_eval_summary):
run_id | eval_type   | mode   | episodes_count | median_depth | avg_turns | avg_sps
-------+-------------+--------+----------------+--------------+-----------+--------
oPoU2l | fast_prelim | random | 100            | 3.0          | 3939.7    | 759.1  
ZVJksr | fast_prelim | random | 10             | 2.0          | 4525.2    | 373.9  
Wx21b9 | fast_prelim | random | 10             | 2.0          | 4482.0    | 383.7  
zGUl9B | fast_prelim | random | 10             | 2.0          | 3617.2    | 662.0  
8WLJHa | fast_prelim | random | 5              | 2.0          | 2546.0    | 676.7  
Benchmark results written to data/baseline_corp_100ep.json

