================================================================================
CORP Parallel Batch Runner | Run Dz3WQY
Episodes: 100 @ 20000 steps | Jobs: 10 | Role: valkyrie
================================================================================
[policy] goal_events flush failed: IO Error: Could not set lock on file "/home/bae/corp/data/corp_telemetry.duckdb": Conflicting lock is held in /home/bae/.local/share/uv/python/cpython-3.12.13-linux-x86_64-gnu/bin/python3.12 (PID 145804) by user bae. See also https://duckdb.org/docs/stable/connect/concurrency
[policy] goal_events flush failed: IO Error: Could not set lock on file "/home/bae/corp/data/corp_telemetry.duckdb": Conflicting lock is held in /home/bae/.local/share/uv/python/cpython-3.12.13-linux-x86_64-gnu/bin/python3.12 (PID 145805) by user bae. See also https://duckdb.org/docs/stable/connect/concurrency
[policy] goal_events flush failed: IO Error: Could not set lock on file "/home/bae/corp/data/corp_telemetry.duckdb": Conflicting lock is held in /home/bae/.local/share/uv/python/cpython-3.12.13-linux-x86_64-gnu/bin/python3.12 (PID 145805) by user bae. See also https://duckdb.org/docs/stable/connect/concurrency
[policy] goal_events flush failed: IO Error: Could not set lock on file "/home/bae/corp/data/corp_telemetry.duckdb": Conflicting lock is held in /home/bae/.local/share/uv/python/cpython-3.12.13-linux-x86_64-gnu/bin/python3.12 (PID 145810) by user bae. See also https://duckdb.org/docs/stable/connect/concurrency
[policy] goal_events flush failed: IO Error: Could not set lock on file "/home/bae/corp/data/corp_telemetry.duckdb": Conflicting lock is held in /home/bae/.local/share/uv/python/cpython-3.12.13-linux-x86_64-gnu/bin/python3.12 (PID 145802) by user bae. See also https://duckdb.org/docs/stable/connect/concurrency
Ep   1 [w1] [val-hum-law-fem] Turns:  1521 | Depth:  1 | Score:    16 | SPS:   757.9 | Death: Are you sure you want to pray?
Ep   2 [w2] [val-hum-law-fem] Turns:   845 | Depth:  2 | Score:   116 | SPS:   679.7 | Death: The grid bug misses!  The grid
Ep   3 [w3] [val-hum-law-fem] Turns:  1750 | Depth:  2 | Score:   182 | SPS:   898.7 | Death: Kabalebo zaps a wand of striki
Ep   4 [w4] [val-hum-law-fem] Turns: 11548 | Depth:  1 | Score:   199 | SPS:   692.3 | Death: You faint from lack of food. T
Ep   5 [w5] [val-hum-law-fem] Turns:  1921 | Depth:  2 | Score:   175 | SPS:   526.6 | Death: The bat bites!
Ep   6 [w6] [val-hum-law-fem] Turns:  4085 | Depth:  2 | Score:   418 | SPS:   798.3 | Death: Survived
Ep   7 [w7] [val-hum-law-fem] Turns:  1407 | Depth:  2 | Score:   114 | SPS:  1647.1 | Death: Survived
Ep   8 [w8] [val-hum-law-fem] Turns:  4525 | Depth:  1 | Score:    40 | SPS:   846.5 | Death: You can hear again.  You faint
Ep   9 [w9] [val-hum-law-fem] Turns:   413 | Depth:  3 | Score:   159 | SPS:   612.9 | Death: The goblin thrusts his orcish 
Ep  10 [w0] [val-hum-law-fem] Turns:  1854 | Depth:  2 | Score:   248 | SPS:   470.3 | Death: You faint from lack of food.  
Ep  11 [w1] [val-hum-law-fem] Turns: 19908 | Depth:  1 | Score:   688 | SPS:   816.2 | Death: Survived
Ep  12 [w2] [val-hum-law-fem] Turns:  7099 | Depth:  2 | Score:   620 | SPS:   872.5 | Death: Kabalebo zaps a wand of magic 
Ep  13 [w3] [val-hum-law-fem] Turns:  9522 | Depth:  1 | Score:   522 | SPS:   814.4 | Death: The giant rat just misses!  Th
Ep  14 [w4] [val-hum-law-fem] Turns: 19397 | Depth:  1 | Score:   167 | SPS:   749.9 | Death: Survived
Ep  15 [w5] [val-hum-law-fem] Turns:  1723 | Depth:  2 | Score:   333 | SPS:   525.4 | Death: Survived
Ep  16 [w6] [val-hum-law-fem] Turns:  4264 | Depth:  1 | Score:    76 | SPS:   759.1 | Death: The sewer rat bites!
Ep  17 [w7] [val-hum-law-fem] Turns:  2967 | Depth:  2 | Score:   307 | SPS:   700.7 | Death: The grid bug bites!  You get z
Ep  18 [w8] [val-hum-law-fem] Turns:  5954 | Depth:  3 | Score:   363 | SPS:  1384.3 | Death: Survived
Ep  19 [w9] [val-hum-law-fem] Turns:   907 | Depth:  5 | Score:   518 | SPS:   758.4 | Death: The kobold mummy hits!
Ep  20 [w0] [val-hum-law-fem] Turns:  2078 | Depth:  4 | Score:   339 | SPS:   344.1 | Death: The garter snake bites!
Ep  21 [w1] [val-hum-law-fem] Turns:  2325 | Depth:  7 | Score:   786 | SPS:   807.4 | Death: The killer bee stings!  The ki
Ep  22 [w2] [val-hum-law-fem] Turns: 12537 | Depth:  1 | Score:   635 | SPS:   862.0 | Death: Survived
Ep  23 [w3] [val-hum-law-fem] Turns:  4080 | Depth:  8 | Score:   812 | SPS:   753.3 | Death: The Woodland-elf thrusts his e
Ep  24 [w4] [val-hum-law-fem] Turns:  1123 | Depth:  4 | Score:   367 | SPS:   766.8 | Death: You faint from lack of food.  
Ep  25 [w5] [val-hum-law-fem] Turns:    88 | Depth:  1 | Score:     7 | SPS:   445.0 | Death: There is a falling rock trap h
Ep  26 [w6] [val-hum-law-fem] Turns:  3967 | Depth:  3 | Score:   635 | SPS:   533.7 | Death: The garter snake bites!
Ep  27 [w7] [val-hum-law-fem] Turns:  3421 | Depth:  2 | Score:   401 | SPS:   399.1 | Death: You faint from lack of food.  
Ep  28 [w8] [val-hum-law-fem] Turns:  9405 | Depth:  3 | Score:   764 | SPS:   692.5 | Death: The rock mole bites!  The were
Ep  29 [w9] [val-hum-law-fem] Turns: 14611 | Depth:  1 | Score:   172 | SPS:   834.3 | Death: You faint from lack of food.
Ep  30 [w0] [val-hum-law-fem] Turns:  7410 | Depth:  1 | Score:    72 | SPS:   868.8 | Death: You faint from lack of food.
Ep  31 [w1] [val-hum-law-fem] Turns:  5012 | Depth:  1 | Score:     8 | SPS:   894.9 | Death: You faint from lack of food.
Ep  32 [w2] [val-hum-law-fem] Turns:   603 | Depth:  2 | Score:   185 | SPS:   759.7 | Death: Survived
Ep  33 [w3] [val-hum-law-fem] Turns:  3550 | Depth:  3 | Score:   538 | SPS:  1618.9 | Death: The newt bites!
Ep  34 [w4] [val-hum-law-fem] Turns:   378 | Depth:  3 | Score:   181 | SPS:   780.5 | Death: You fall into a pit!  The gnom
Ep  35 [w5] [val-hum-law-fem] Turns:  5164 | Depth:  2 | Score:   641 | SPS:   795.0 | Death: The manes hits!  The manes hit
Ep  36 [w6] [val-hum-law-fem] Turns:  1303 | Depth:  6 | Score:   447 | SPS:   800.5 | Death: The hill orc swings his scimit
Ep  37 [w7] [val-hum-law-fem] Turns:  8072 | Depth:  1 | Score:   126 | SPS:   828.9 | Death: You faint from lack of food.  
Ep  38 [w8] [val-hum-law-fem] Turns:  1454 | Depth:  5 | Score:   618 | SPS:   769.7 | Death: You hit the kitten!  The kitte
Ep  39 [w9] [val-hum-law-fem] Turns:  9213 | Depth:  1 | Score:   450 | SPS:   202.8 | Death: The gecko bites!  You faint fr
Ep  40 [w0] [val-hum-law-fem] Turns:  1387 | Depth:  3 | Score:   256 | SPS:   812.8 | Death: The giant rat bites!
Ep  41 [w1] [val-hum-law-fem] Turns:  2500 | Depth:  2 | Score:   253 | SPS:   713.3 | Death: Survived
Ep  42 [w2] [val-hum-law-fem] Turns:  3792 | Depth:  1 | Score:   214 | SPS:   756.7 | Death: It hits!
Ep  43 [w3] [val-hum-law-fem] Turns:   636 | Depth:  2 | Score:    67 | SPS:  2724.2 | Death: Survived
Ep  44 [w4] [val-hum-law-fem] Turns:  8723 | Depth:  2 | Score:   938 | SPS:   742.5 | Death: You faint from lack of food.  
Ep  45 [w5] [val-hum-law-fem] Turns:  1983 | Depth:  3 | Score:   230 | SPS:   699.2 | Death: You cannot escape from the lic
Ep  46 [w6] [val-hum-law-fem] Turns:  5600 | Depth:  3 | Score:   307 | SPS:  1624.8 | Death: Survived
Ep  47 [w7] [val-hum-law-fem] Turns:  2559 | Depth:  1 | Score:    31 | SPS:   840.6 | Death: You faint from lack of food.  
Ep  48 [w8] [val-hum-law-fem] Turns:  7539 | Depth:  2 | Score:   481 | SPS:   435.8 | Death: The garter snake bites!
Ep  49 [w9] [val-hum-law-fem] Turns:  4329 | Depth:  3 | Score:   398 | SPS:   505.6 | Death: You faint from lack of food.  
Ep  50 [w0] [val-hum-law-fem] Turns:   773 | Depth:  3 | Score:   194 | SPS:   729.5 | Death: You kill the gas spore!  You a
Ep  51 [w1] [val-hum-law-fem] Turns:  5028 | Depth:  4 | Score:   766 | SPS:   444.5 | Death: The kobold mummy hits!  The gi
Ep  52 [w2] [val-hum-law-fem] Turns:  1656 | Depth:  5 | Score:   434 | SPS:   725.8 | Death: Are you sure you want to pray?
Ep  53 [w3] [val-hum-law-fem] Turns:  9073 | Depth:  1 | Score:   144 | SPS:   576.7 | Death: Survived
Ep  54 [w4] [val-hum-law-fem] Turns:  6157 | Depth:  1 | Score:   664 | SPS:   644.8 | Death: The hobbit hits!
Ep  55 [w5] [val-hum-law-fem] Turns:  1017 | Depth:  5 | Score:   417 | SPS:   805.5 | Death: Survived
Ep  56 [w6] [val-hum-law-fem] Turns: 12580 | Depth:  3 | Score:  1615 | SPS:   981.1 | Death: Survived
Ep  57 [w7] [val-hum-law-fem] Turns:  3863 | Depth:  2 | Score:   418 | SPS:   793.5 | Death: You kill the gas spore!  You a
Ep  58 [w8] [val-hum-law-fem] Turns:  1787 | Depth:  3 | Score:   179 | SPS:  1721.8 | Death: You faint from lack of food.  
Ep  59 [w9] [val-hum-law-fem] Turns: 20007 | Depth:  1 | Score:   164 | SPS:   793.7 | Death: Survived
Ep  60 [w0] [val-hum-law-fem] Turns:  1406 | Depth:  1 | Score:    40 | SPS:   791.2 | Death: The jackal bites!
Ep  61 [w1] [val-hum-law-fem] Turns:  3848 | Depth:  4 | Score:   574 | SPS:   644.7 | Death: The rock mole bites!
Ep  62 [w2] [val-hum-law-fem] Turns:  1589 | Depth:  3 | Score:   362 | SPS:   295.9 | Death: The homunculus bites!  You are
Ep  63 [w3] [val-hum-law-fem] Turns:  2010 | Depth:  3 | Score:   270 | SPS:   864.5 | Death: The grid bug bites!  You get z
Ep  64 [w4] [val-hum-law-fem] Turns:  3435 | Depth:  2 | Score:   441 | SPS:   643.4 | Death: The newt misses!  You can hear
Ep  65 [w5] [val-hum-law-fem] Turns:  1600 | Depth:  1 | Score:     5 | SPS:   826.9 | Death: The little dog bites!
Ep  66 [w6] [val-hum-law-fem] Turns:   834 | Depth:  5 | Score:   388 | SPS:   803.9 | Death: The garter snake bites!
Ep  67 [w7] [val-hum-law-fem] Turns:    72 | Depth:  1 | Score:     4 | SPS:   381.0 | Death: Survived
Ep  68 [w8] [val-hum-law-fem] Turns:  6177 | Depth:  5 | Score:   484 | SPS:   798.3 | Death: The giant ant bites!
Ep  69 [w9] [val-hum-law-fem] Turns:  1086 | Depth:  3 | Score:   223 | SPS:  1622.3 | Death: The bat bites!
Ep  70 [w0] [val-hum-law-fem] Turns:   612 | Depth:  3 | Score:   130 | SPS:   826.7 | Death: The bat bites!
Ep  71 [w1] [val-hum-law-fem] Turns:  3915 | Depth:  1 | Score:   496 | SPS:   533.8 | Death: Survived
Ep  72 [w2] [val-hum-law-fem] Turns:  4207 | Depth:  3 | Score:   523 | SPS:   755.0 | Death: There is a partly eaten jackal
Ep  73 [w3] [val-hum-law-fem] Turns:  1680 | Depth:  3 | Score:   482 | SPS:   747.4 | Death: The homunculus just misses!  Y
Ep  74 [w4] [val-hum-law-fem] Turns:   828 | Depth:  5 | Score:   298 | SPS:   810.1 | Death: The giant rat bites!
Ep  75 [w5] [val-hum-law-fem] Turns:    32 | Depth:  1 | Score:     2 | SPS:   332.7 | Death: There is a partly eaten kitten
Ep  76 [w6] [val-hum-law-fem] Turns:  2220 | Depth:  2 | Score:   471 | SPS:   633.1 | Death: Survived
Ep  77 [w7] [val-hum-law-fem] Turns:  1229 | Depth:  2 | Score:   192 | SPS:   870.1 | Death: The newt bites!  You faint fro
Ep  78 [w8] [val-hum-law-fem] Turns:   574 | Depth:  3 | Score:   139 | SPS:  1277.0 | Death: The giant rat bites!
Ep  79 [w9] [val-hum-law-fem] Turns:   391 | Depth:  3 | Score:   232 | SPS:   974.7 | Death: The gnome lord swings his club
Ep  80 [w0] [val-hum-law-fem] Turns:   185 | Depth:  2 | Score:    65 | SPS:   775.0 | Death: The jackal misses!  The jackal
Ep  81 [w1] [val-hum-law-fem] Turns:  1421 | Depth:  2 | Score:   223 | SPS:   816.1 | Death: Survived
Ep  82 [w2] [val-hum-law-fem] Turns:  2272 | Depth:  3 | Score:   316 | SPS:   657.1 | Death: Are you sure you want to pray?
Ep  83 [w3] [val-hum-law-fem] Turns:  2070 | Depth:  2 | Score:    50 | SPS:   838.6 | Death: The kitten is confused from hu
Ep  84 [w4] [val-hum-law-fem] Turns:  1529 | Depth:  1 | Score:     4 | SPS:   915.7 | Death: The little dog bites!
Ep  85 [w5] [val-hum-law-fem] Turns:  4292 | Depth:  3 | Score:   237 | SPS:   871.9 | Death: Are you sure you want to pray?
Ep  86 [w6] [val-hum-law-fem] Turns:   929 | Depth:  3 | Score:   281 | SPS:   461.9 | Death: You faint from lack of food.  
Ep  87 [w7] [val-hum-law-fem] Turns:   427 | Depth:  4 | Score:   226 | SPS:   844.4 | Death: The giant rat bites!
Ep  88 [w8] [val-hum-law-fem] Turns:  1646 | Depth:  1 | Score:     4 | SPS:   850.2 | Death: The kitten bites!
Ep  89 [w9] [val-hum-law-fem] Turns:  2407 | Depth:  1 | Score:    54 | SPS:   833.2 | Death: The newt bites!
Ep  90 [w0] [val-hum-law-fem] Turns:  2782 | Depth:  1 | Score:    28 | SPS:   806.3 | Death: The grid bug bites!  You get z
Ep  91 [w1] [val-hum-law-fem] Turns: 13237 | Depth:  1 | Score:   197 | SPS:   425.6 | Death: Survived
Ep  92 [w2] [val-hum-law-fem] Turns:  9764 | Depth:  1 | Score:     3 | SPS:   907.4 | Death: Survived
Ep  93 [w3] [val-hum-law-fem] Turns: 12909 | Depth:  1 | Score:   336 | SPS:   864.7 | Death: The large kobold misses!  You 
Ep  94 [w4] [val-hum-law-fem] Turns:  2011 | Depth:  2 | Score:   207 | SPS:   523.4 | Death: You faint from lack of food.  
Ep  95 [w5] [val-hum-law-fem] Turns: 19951 | Depth:  1 | Score:   708 | SPS:   605.7 | Death: Survived
Ep  96 [w6] [val-hum-law-fem] Turns:  1205 | Depth:  1 | Score:   112 | SPS:   839.9 | Death: The jackal bites!
Ep  97 [w7] [val-hum-law-fem] Turns:  2245 | Depth:  6 | Score:   629 | SPS:   819.4 | Death: You are hit by an arrow!  Valk
Ep  98 [w8] [val-hum-law-fem] Turns: 20100 | Depth:  1 | Score:   397 | SPS:   881.1 | Death: Survived
Ep  99 [w9] [val-hum-law-fem] Turns:  5707 | Depth:  3 | Score:  1043 | SPS:   440.0 | Death: The rock mole bites!
Ep 100 [w0] [val-hum-law-fem] Turns:  2526 | Depth:  2 | Score:   493 | SPS:   374.7 | Death: The manes hits!  The manes mis
================================================================================
Median Depth: 2.0 | Mean Score: 329.8 | Mean Turns: 4457.5 | Wall SPS-equiv: 2651.9
Nogoods merged: 5 entries | Errors: 0
Results written to data/confirm_v6_100ep.json (168.1s wall)
